Archive member included to satisfy reference by file (symbol)

/Applications/MCUXpressoIDE_11.0.1_2563/ide/plugins/com.nxp.mcuxpresso.tools.macosx_11.0.1.201907311258/tools/bin/../lib/gcc/arm-none-eabi/8.2.1/../../../../arm-none-eabi/lib/thumb/v6-m/nofp/libcr_semihost_nf.a(_cr__main.o)
                              ./startup/startup_mkl25z4.o (__main)
/Applications/MCUXpressoIDE_11.0.1_2563/ide/plugins/com.nxp.mcuxpresso.tools.macosx_11.0.1.201907311258/tools/bin/../lib/gcc/arm-none-eabi/8.2.1/../../../../arm-none-eabi/lib/thumb/v6-m/nofp/libcr_semihost_nf.a(_cr_assert.o)
                              ./drivers/fsl_clock.o (__assertion_failed)
/Applications/MCUXpressoIDE_11.0.1_2563/ide/plugins/com.nxp.mcuxpresso.tools.macosx_11.0.1.201907311258/tools/bin/../lib/gcc/arm-none-eabi/8.2.1/../../../../arm-none-eabi/lib/thumb/v6-m/nofp/libcr_semihost_nf.a(__ciob.o)
                              /Applications/MCUXpressoIDE_11.0.1_2563/ide/plugins/com.nxp.mcuxpresso.tools.macosx_11.0.1.201907311258/tools/bin/../lib/gcc/arm-none-eabi/8.2.1/../../../../arm-none-eabi/lib/thumb/v6-m/nofp/libcr_semihost_nf.a(_cr_assert.o) (__Ciob)
/Applications/MCUXpressoIDE_11.0.1_2563/ide/plugins/com.nxp.mcuxpresso.tools.macosx_11.0.1.201907311258/tools/bin/../lib/gcc/arm-none-eabi/8.2.1/../../../../arm-none-eabi/lib/thumb/v6-m/nofp/libcr_semihost_nf.a(__sys_appexit.o)
                              /Applications/MCUXpressoIDE_11.0.1_2563/ide/plugins/com.nxp.mcuxpresso.tools.macosx_11.0.1.201907311258/tools/bin/../lib/gcc/arm-none-eabi/8.2.1/../../../../arm-none-eabi/lib/thumb/v6-m/nofp/libcr_semihost_nf.a(_cr_assert.o) (__sys_appexit)
/Applications/MCUXpressoIDE_11.0.1_2563/ide/plugins/com.nxp.mcuxpresso.tools.macosx_11.0.1.201907311258/tools/bin/../lib/gcc/arm-none-eabi/8.2.1/../../../../arm-none-eabi/lib/thumb/v6-m/nofp/libcr_c.a(memcpy.o)
                              ./drivers/fsl_flash.o (memcpy)
/Applications/MCUXpressoIDE_11.0.1_2563/ide/plugins/com.nxp.mcuxpresso.tools.macosx_11.0.1.201907311258/tools/bin/../lib/gcc/arm-none-eabi/8.2.1/../../../../arm-none-eabi/lib/thumb/v6-m/nofp/libcr_c.a(memset.o)
                              ./drivers/fsl_dma.o (memset)
/Applications/MCUXpressoIDE_11.0.1_2563/ide/plugins/com.nxp.mcuxpresso.tools.macosx_11.0.1.201907311258/tools/bin/../lib/gcc/arm-none-eabi/8.2.1/../../../../arm-none-eabi/lib/thumb/v6-m/nofp/libcr_c.a(_deferredlazyseek.o)
                              /Applications/MCUXpressoIDE_11.0.1_2563/ide/plugins/com.nxp.mcuxpresso.tools.macosx_11.0.1.201907311258/tools/bin/../lib/gcc/arm-none-eabi/8.2.1/../../../../arm-none-eabi/lib/thumb/v6-m/nofp/libcr_semihost_nf.a(_cr_assert.o) (__flsbuf)
/Applications/MCUXpressoIDE_11.0.1_2563/ide/plugins/com.nxp.mcuxpresso.tools.macosx_11.0.1.201907311258/tools/bin/../lib/gcc/arm-none-eabi/8.2.1/../../../../arm-none-eabi/lib/thumb/v6-m/nofp/libcr_c.a(_fflush.o)
                              /Applications/MCUXpressoIDE_11.0.1_2563/ide/plugins/com.nxp.mcuxpresso.tools.macosx_11.0.1.201907311258/tools/bin/../lib/gcc/arm-none-eabi/8.2.1/../../../../arm-none-eabi/lib/thumb/v6-m/nofp/libcr_c.a(_deferredlazyseek.o) (_fflush)
/Applications/MCUXpressoIDE_11.0.1_2563/ide/plugins/com.nxp.mcuxpresso.tools.macosx_11.0.1.201907311258/tools/bin/../lib/gcc/arm-none-eabi/8.2.1/../../../../arm-none-eabi/lib/thumb/v6-m/nofp/libcr_c.a(_writebuf.o)
                              /Applications/MCUXpressoIDE_11.0.1_2563/ide/plugins/com.nxp.mcuxpresso.tools.macosx_11.0.1.201907311258/tools/bin/../lib/gcc/arm-none-eabi/8.2.1/../../../../arm-none-eabi/lib/thumb/v6-m/nofp/libcr_c.a(_deferredlazyseek.o) (_Cwritebuf)
/Applications/MCUXpressoIDE_11.0.1_2563/ide/plugins/com.nxp.mcuxpresso.tools.macosx_11.0.1.201907311258/tools/bin/../lib/gcc/arm-none-eabi/8.2.1/../../../../arm-none-eabi/lib/thumb/v6-m/nofp/libcr_c.a(alloc.o)
                              /Applications/MCUXpressoIDE_11.0.1_2563/ide/plugins/com.nxp.mcuxpresso.tools.macosx_11.0.1.201907311258/tools/bin/../lib/gcc/arm-none-eabi/8.2.1/../../../../arm-none-eabi/lib/thumb/v6-m/nofp/libcr_c.a(_deferredlazyseek.o) (_Csys_alloc)
/Applications/MCUXpressoIDE_11.0.1_2563/ide/plugins/com.nxp.mcuxpresso.tools.macosx_11.0.1.201907311258/tools/bin/../lib/gcc/arm-none-eabi/8.2.1/../../../../arm-none-eabi/lib/thumb/v6-m/nofp/libcr_c.a(fputs.o)
                              /Applications/MCUXpressoIDE_11.0.1_2563/ide/plugins/com.nxp.mcuxpresso.tools.macosx_11.0.1.201907311258/tools/bin/../lib/gcc/arm-none-eabi/8.2.1/../../../../arm-none-eabi/lib/thumb/v6-m/nofp/libcr_semihost_nf.a(_cr_assert.o) (fputs)
/Applications/MCUXpressoIDE_11.0.1_2563/ide/plugins/com.nxp.mcuxpresso.tools.macosx_11.0.1.201907311258/tools/bin/../lib/gcc/arm-none-eabi/8.2.1/../../../../arm-none-eabi/lib/thumb/v6-m/nofp/libcr_c.a(fseek.o)
[...]
Memory Configuration

Name             Origin             Length             Attributes
PROGRAM_FLASH    0x0000000000000000 0x0000000000020000 xr
SRAM             0x000000001ffff000 0x0000000000004000 xrw
*default*        0x0000000000000000 0xffffffffffffffff

Linker script and memory map

LOAD ./utilities/fsl_debug_console.o
LOAD ./uCUnit/System.o
LOAD ./tests/main.o
LOAD ./startup/startup_mkl25z4.o
LOAD ./source/handle_led.o
LOAD ./source/logger.o
LOAD ./source/mtb.o
LOAD ./source/semihost_hardfault.o
LOAD ./source/setup_teardown.o
LOAD ./drivers/fsl_clock.o
LOAD ./drivers/fsl_common.o
LOAD ./drivers/fsl_dma.o
LOAD ./drivers/fsl_dmamux.o
LOAD ./drivers/fsl_flash.o
LOAD ./drivers/fsl_gpio.o
LOAD ./drivers/fsl_i2c.o
LOAD ./drivers/fsl_i2c_dma.o
LOAD ./drivers/fsl_lpsci.o
LOAD ./drivers/fsl_lpsci_dma.o
LOAD ./drivers/fsl_smc.o
LOAD ./drivers/fsl_uart.o
LOAD ./drivers/fsl_uart_dma.o
LOAD ./board/board.o
LOAD ./board/clock_config.o
LOAD ./board/peripherals.o
LOAD ./board/pin_mux.o
LOAD ./CMSIS_driver/fsl_i2c_cmsis.o
LOAD ./CMSIS/system_MKL25Z4.o
START GROUP
LOAD /Applications/MCUXpressoIDE_11.0.1_2563/ide/plugins/com.nxp.mcuxpresso.tools.macosx_11.0.1.201907311258/tools/bin/../lib/gcc/arm-none-eabi/8.2.1/../../../../arm-none-eabi/lib/thumb/v6-m/nofp/libcr_semihost_nf.a
LOAD /Applications/MCUXpressoIDE_11.0.1_2563/ide/plugins/com.nxp.mcuxpresso.tools.macosx_11.0.1.201907311258/tools/bin/../lib/gcc/arm-none-eabi/8.2.1/../../../../arm-none-eabi/lib/thumb/v6-m/nofp/libcr_c.a
LOAD /Applications/MCUXpressoIDE_11.0.1_2563/ide/plugins/com.nxp.mcuxpresso.tools.macosx_11.0.1.201907311258/tools/bin/../lib/gcc/arm-none-eabi/8.2.1/thumb/v6-m/nofp/libcr_eabihelpers.a
LOAD /Applications/MCUXpressoIDE_11.0.1_2563/ide/plugins/com.nxp.mcuxpresso.tools.macosx_11.0.1.201907311258/tools/bin/../lib/gcc/arm-none-eabi/8.2.1/thumb/v6-m/nofp/libgcc.a
END GROUP
                0x0000000000000000                __base_PROGRAM_FLASH = 0x0
                0x0000000000000000                __base_Flash = 0x0
                0x0000000000020000                __top_PROGRAM_FLASH = 0x20000
                0x0000000000020000                __top_Flash = 0x20000
                0x000000001ffff000                __base_SRAM = 0x1ffff000
                0x000000001ffff000                __base_RAM = 0x1ffff000
                0x0000000020003000                __top_SRAM = 0x20003000
                0x0000000020003000                __top_RAM = 0x20003000

.text           0x0000000000000000     0x23e8
 FILL mask 0xff
                0x0000000000000000                __vectors_start__ = ABSOLUTE (.)
 *(SORT_BY_ALIGNMENT(.isr_vector))
 .isr_vector    0x0000000000000000       0xc0 ./startup/startup_mkl25z4.o
                0x0000000000000000                __Vectors
                0x0000000000000000                g_pfnVectors
                0x00000000000000c0                . = ALIGN (0x4)
                0x00000000000000c0                __section_table_start = .
                0x00000000000000c0                __data_section_table = .
                0x00000000000000c0        0x4 LONG 0x23e8 LOADADDR (.data)
                0x00000000000000c4        0x4 LONG 0x1ffff080 ADDR (.data)
                0x00000000000000c8        0x4 LONG 0x0 SIZEOF (.data)
                0x00000000000000cc                __data_section_table_end = .
                0x00000000000000cc                __bss_section_table = .
                0x00000000000000cc        0x4 LONG 0x1ffff080 ADDR (.bss)
                0x00000000000000d0        0x4 LONG 0x11c SIZEOF (.bss)
                0x00000000000000d4                __bss_section_table_end = .
                0x00000000000000d4                __section_table_end = .
 *(SORT_BY_ALIGNMENT(.after_vectors*))
 .after_vectors.reset
                0x00000000000000d4       0x4c ./startup/startup_mkl25z4.o
                0x00000000000000d4                ResetISR
 .after_vectors.init_data
                0x0000000000000120       0x12 ./startup/startup_mkl25z4.o
                0x0000000000000120                data_init
 .after_vectors.init_bss
                0x0000000000000132       0x10 ./startup/startup_mkl25z4.o
                0x0000000000000132                bss_init
 .after_vectors
                0x0000000000000142      0x10c ./startup/startup_mkl25z4.o
                0x0000000000000142                NMI_Handler
                0x0000000000000146                SVC_Handler
                0x0000000000000148                PendSV_Handler
                0x000000000000014a                SysTick_Handler
                0x000000000000014c                LPTMR0_DriverIRQHandler
                0x000000000000014c                PORTD_DriverIRQHandler
                0x000000000000014c                CMP0_DriverIRQHandler
                0x000000000000014c                ADC0_DriverIRQHandler
                0x000000000000014c                TPM2_DriverIRQHandler
                0x000000000000014c                SPI0_DriverIRQHandler
                0x000000000000014c                TSI0_DriverIRQHandler
                0x000000000000014c                RTC_Seconds_DriverIRQHandler
                0x000000000000014c                LVD_LVW_DriverIRQHandler
                0x000000000000014c                Reserved39_DriverIRQHandler
                0x000000000000014c                PIT_DriverIRQHandler
                0x000000000000014c                SPI1_DriverIRQHandler
                0x000000000000014c                TPM0_DriverIRQHandler
                0x000000000000014c                RTC_DriverIRQHandler
                0x000000000000014c                LLWU_DriverIRQHandler
                0x000000000000014c                MCG_DriverIRQHandler
                0x000000000000014c                TPM1_DriverIRQHandler
                0x000000000000014c                PORTA_DriverIRQHandler
                0x000000000000014c                Reserved45_DriverIRQHandler
                0x000000000000014c                FTFA_DriverIRQHandler
                0x000000000000014c                IntDefaultHandler
                0x000000000000014c                USB0_DriverIRQHandler
                0x000000000000014c                DAC0_DriverIRQHandler
                0x000000000000014c                Reserved20_DriverIRQHandler
                0x000000000000014e                DMA0_IRQHandler
                0x0000000000000156                DMA1_IRQHandler
                0x000000000000015e                DMA2_IRQHandler
                0x0000000000000166                DMA3_IRQHandler
                0x000000000000016e                Reserved20_IRQHandler
                0x0000000000000176                FTFA_IRQHandler
                0x000000000000017e                LVD_LVW_IRQHandler
                0x0000000000000186                LLWU_IRQHandler
                0x000000000000018e                I2C0_IRQHandler
                0x0000000000000196                I2C1_IRQHandler
                0x000000000000019e                SPI0_IRQHandler
                0x00000000000001a6                SPI1_IRQHandler
                0x00000000000001ae                UART0_IRQHandler
                0x00000000000001b6                UART1_IRQHandler
                0x00000000000001be                UART2_IRQHandler
                0x00000000000001c6                ADC0_IRQHandler
                0x00000000000001ce                CMP0_IRQHandler
                0x00000000000001d6                TPM0_IRQHandler
                0x00000000000001de                TPM1_IRQHandler
                0x00000000000001e6                TPM2_IRQHandler
                0x00000000000001ee                RTC_IRQHandler
                0x00000000000001f6                RTC_Seconds_IRQHandler
                0x00000000000001fe                PIT_IRQHandler
                0x0000000000000206                Reserved39_IRQHandler
                0x000000000000020e                USB0_IRQHandler
                0x0000000000000216                DAC0_IRQHandler
                0x000000000000021e                TSI0_IRQHandler
                0x0000000000000226                MCG_IRQHandler
                0x000000000000022e                LPTMR0_IRQHandler
                0x0000000000000236                Reserved45_IRQHandler
                0x000000000000023e                PORTA_IRQHandler
                0x0000000000000246                PORTD_IRQHandler
                0x0000000000000400                . = 0x400
 *fill*         0x000000000000024e      0x1b2 ff
                0x0000000000000400                PROVIDE (__FLASH_CONFIG_START__ = .)
 *(SORT_BY_ALIGNMENT(.FlashConfig))
 .FlashConfig   0x0000000000000400       0x10 ./startup/startup_mkl25z4.o
                0x0000000000000400                Flash_Config
                0x0000000000000410                PROVIDE (__FLASH_CONFIG_END__ = .)
                0x0000000000000001                ASSERT (! ((__FLASH_CONFIG_START__ == __FLASH_CONFIG_END__)), Linker Flash Config Support Enabled, but no .FlashConfig section provided within application)
 *(SORT_BY_ALIGNMENT(.text*))
 .text.__sys_write
                0x0000000000000410       0x58 ./utilities/fsl_debug_console.o
                0x0000000000000410                __sys_write
 .text.main     0x0000000000000468       0xec ./tests/main.o
                0x0000000000000468                main
 .text.log_enable
                0x0000000000000554       0x14 ./source/logger.o
                0x0000000000000554                log_enable
 .text.HardFault_Handler
                0x0000000000000568       0x30 ./source/semihost_hardfault.o
                0x0000000000000568                HardFault_Handler
 .text.DMA_ClearChannelStatusFlags
                0x0000000000000598       0x54 ./drivers/fsl_dma.o
 .text.DMA_HandleIRQ
                0x00000000000005ec       0x4c ./drivers/fsl_dma.o
                0x00000000000005ec                DMA_HandleIRQ
 .text.DMA0_DriverIRQHandler
                0x0000000000000638       0x18 ./drivers/fsl_dma.o
                0x0000000000000638                DMA0_DriverIRQHandler
 .text.DMA1_DriverIRQHandler
                0x0000000000000650       0x18 ./drivers/fsl_dma.o
                0x0000000000000650                DMA1_DriverIRQHandler
 .text.DMA2_DriverIRQHandler
                0x0000000000000668       0x18 ./drivers/fsl_dma.o
                0x0000000000000668                DMA2_DriverIRQHandler
 .text.DMA3_DriverIRQHandler
                0x0000000000000680       0x18 ./drivers/fsl_dma.o
                0x0000000000000680                DMA3_DriverIRQHandler
 .text.I2C_TransferCommonIRQHandler
                0x0000000000000698       0x54 ./drivers/fsl_i2c.o
 .text.I2C0_DriverIRQHandler
                0x00000000000006ec       0x20 ./drivers/fsl_i2c.o
                0x00000000000006ec                I2C0_DriverIRQHandler
 .text.I2C1_DriverIRQHandler
                0x000000000000070c       0x20 ./drivers/fsl_i2c.o
                0x000000000000070c                I2C1_DriverIRQHandler
 .text.UART0_DriverIRQHandler
                0x000000000000072c       0x24 ./drivers/fsl_lpsci.o
                0x000000000000072c                UART0_DriverIRQHandler
 .text.UART1_DriverIRQHandler
                0x0000000000000750       0x24 ./drivers/fsl_uart.o
                0x0000000000000750                UART1_DriverIRQHandler
 .text.UART2_DriverIRQHandler
                0x0000000000000774       0x24 ./drivers/fsl_uart.o
                0x0000000000000774                UART2_DriverIRQHandler
 .text.SystemInit
                0x0000000000000798       0x18 ./CMSIS/system_MKL25Z4.o
                0x0000000000000798                SystemInit
 .text.__assertion_failed
                0x00000000000007b0       0x4c /Applications/MCUXpressoIDE_11.0.1_2563/ide/plugins/com.nxp.mcuxpresso.tools.macosx_11.0.1.201907311258/tools/bin/../lib/gcc/arm-none-eabi/8.2.1/../../../../arm-none-eabi/lib/thumb/v6-m/nofp/libcr_semihost_nf.a(_cr_assert.o)
                0x00000000000007b0                __assertion_failed
 .text.__sys_appexit
                0x00000000000007fc        0xc /Applications/MCUXpressoIDE_11.0.1_2563/ide/plugins/com.nxp.mcuxpresso.tools.macosx_11.0.1.201907311258/tools/bin/../lib/gcc/arm-none-eabi/8.2.1/../../../../arm-none-eabi/lib/thumb/v6-m/nofp/libcr_semihost_nf.a(__sys_appexit.o)
                0x00000000000007fc                __exit
                0x00000000000007fc                __sys_appexit
 .text._deferredlazyseek
                0x0000000000000808       0x40 /Applications/MCUXpressoIDE_11.0.1_2563/ide/plugins/com.nxp.mcuxpresso.tools.macosx_11.0.1.201907311258/tools/bin/../lib/gcc/arm-none-eabi/8.2.1/../../../../arm-none-eabi/lib/thumb/v6-m/nofp/libcr_c.a(_deferredlazyseek.o)
                0x0000000000000808                _deferredlazyseek
 .text.__flsbuf
                0x0000000000000848      0x14c /Applications/MCUXpressoIDE_11.0.1_2563/ide/plugins/com.nxp.mcuxpresso.tools.macosx_11.0.1.201907311258/tools/bin/../lib/gcc/arm-none-eabi/8.2.1/../../../../arm-none-eabi/lib/thumb/v6-m/nofp/libcr_c.a(_deferredlazyseek.o)
                0x0000000000000848                __flsbuf
 .text._fflush  0x0000000000000994       0x5c /Applications/MCUXpressoIDE_11.0.1_2563/ide/plugins/com.nxp.mcuxpresso.tools.macosx_11.0.1.201907311258/tools/bin/../lib/gcc/arm-none-eabi/8.2.1/../../../../arm-none-eabi/lib/thumb/v6-m/nofp/libcr_c.a(_fflush.o)
                0x0000000000000994                _fflush
 .text._Cwritebuf
                0x00000000000009f0       0x68 /Applications/MCUXpressoIDE_11.0.1_2563/ide/plugins/com.nxp.mcuxpresso.tools.macosx_11.0.1.201907311258/tools/bin/../lib/gcc/arm-none-eabi/8.2.1/../../../../arm-none-eabi/lib/thumb/v6-m/nofp/libcr_c.a(_writebuf.o)
                0x00000000000009f0                _Cwritebuf
 .text.malloc   0x0000000000000a58       0xcc /Applications/MCUXpressoIDE_11.0.1_2563/ide/plugins/com.nxp.mcuxpresso.tools.macosx_11.0.1.201907311258/tools/bin/../lib/gcc/arm-none-eabi/8.2.1/../../../../arm-none-eabi/lib/thumb/v6-m/nofp/libcr_c.a(alloc.o)
                0x0000000000000a58                malloc
 .text._Csys_alloc
                0x0000000000000b24       0x20 /Applications/MCUXpressoIDE_11.0.1_2563/ide/plugins/com.nxp.mcuxpresso.tools.macosx_11.0.1.201907311258/tools/bin/../lib/gcc/arm-none-eabi/8.2.1/../../../../arm-none-eabi/lib/thumb/v6-m/nofp/libcr_c.a(alloc.o)
                0x0000000000000b24                _Csys_alloc
 .text.fseek    0x0000000000000b44       0xf0 /Applications/MCUXpressoIDE_11.0.1_2563/ide/plugins/com.nxp.mcuxpresso.tools.macosx_11.0.1.201907311258/tools/bin/../lib/gcc/arm-none-eabi/8.2.1/../../../../arm-none-eabi/lib/thumb/v6-m/nofp/libcr_c.a(fseek.o)
                0x0000000000000b44                fseek
 .text.ftell    0x0000000000000c34       0x48 /Applications/MCUXpressoIDE_11.0.1_2563/ide/plugins/com.nxp.mcuxpresso.tools.macosx_11.0.1.201907311258/tools/bin/../lib/gcc/arm-none-eabi/8.2.1/../../../../arm-none-eabi/lib/thumb/v6-m/nofp/libcr_c.a(ftell.o)
                0x0000000000000c34                ftell
 .text._initio  0x0000000000000c7c       0x7c /Applications/MCUXpressoIDE_11.0.1_2563/ide/plugins/com.nxp.mcuxpresso.tools.macosx_11.0.1.201907311258/tools/bin/../lib/gcc/arm-none-eabi/8.2.1/../../../../arm-none-eabi/lib/thumb/v6-m/nofp/libcr_c.a(initio.o)
                0x0000000000000c7c                _initio
 .text.__vfprintf
                0x0000000000000cf8      0xcd8 /Applications/MCUXpressoIDE_11.0.1_2563/ide/plugins/com.nxp.mcuxpresso.tools.macosx_11.0.1.201907311258/tools/bin/../lib/gcc/arm-none-eabi/8.2.1/../../../../arm-none-eabi/lib/thumb/v6-m/nofp/libcr_c.a(printf.o)
                0x0000000000000cf8                __vfprintf
 .text._vsnprintf
                0x00000000000019d0       0x70 /Applications/MCUXpressoIDE_11.0.1_2563/ide/plugins/com.nxp.mcuxpresso.tools.macosx_11.0.1.201907311258/tools/bin/../lib/gcc/arm-none-eabi/8.2.1/../../../../arm-none-eabi/lib/thumb/v6-m/nofp/libcr_c.a(printf.o)
                0x00000000000019d0                _vsnprintf
 .text._printf  0x0000000000001a40       0x50 /Applications/MCUXpressoIDE_11.0.1_2563/ide/plugins/com.nxp.mcuxpresso.tools.macosx_11.0.1.201907311258/tools/bin/../lib/gcc/arm-none-eabi/8.2.1/../../../../arm-none-eabi/lib/thumb/v6-m/nofp/libcr_c.a(printf.o)
                0x0000000000001a40                _printf
 .text.setvbuf  0x0000000000001a90       0x4c /Applications/MCUXpressoIDE_11.0.1_2563/ide/plugins/com.nxp.mcuxpresso.tools.macosx_11.0.1.201907311258/tools/bin/../lib/gcc/arm-none-eabi/8.2.1/../../../../arm-none-eabi/lib/thumb/v6-m/nofp/libcr_c.a(setvbuf.o)
                0x0000000000001a90                setvbuf
 .text.strlen   0x0000000000001adc       0x58 /Applications/MCUXpressoIDE_11.0.1_2563/ide/plugins/com.nxp.mcuxpresso.tools.macosx_11.0.1.201907311258/tools/bin/../lib/gcc/arm-none-eabi/8.2.1/../../../../arm-none-eabi/lib/thumb/v6-m/nofp/libcr_c.a(strlen.o)
                0x0000000000001adc                strlen
 .text._sbrk    0x0000000000001b34       0x40 /Applications/MCUXpressoIDE_11.0.1_2563/ide/plugins/com.nxp.mcuxpresso.tools.macosx_11.0.1.201907311258/tools/bin/../lib/gcc/arm-none-eabi/8.2.1/../../../../arm-none-eabi/lib/thumb/v6-m/nofp/libcr_c.a(_cr_sbrk.o)
                0x0000000000001b34                _sbrk
 .text._fdopen  0x0000000000001b74       0x74 /Applications/MCUXpressoIDE_11.0.1_2563/ide/plugins/com.nxp.mcuxpresso.tools.macosx_11.0.1.201907311258/tools/bin/../lib/gcc/arm-none-eabi/8.2.1/../../../../arm-none-eabi/lib/thumb/v6-m/nofp/libcr_c.a(_fdopen.o)
                0x0000000000001b74                _fdopen
 .text.fclose   0x0000000000001be8       0x5c /Applications/MCUXpressoIDE_11.0.1_2563/ide/plugins/com.nxp.mcuxpresso.tools.macosx_11.0.1.201907311258/tools/bin/../lib/gcc/arm-none-eabi/8.2.1/../../../../arm-none-eabi/lib/thumb/v6-m/nofp/libcr_c.a(fclose.o)
                0x0000000000001be8                fclose
 .text.fflush   0x0000000000001c44       0x44 /Applications/MCUXpressoIDE_11.0.1_2563/ide/plugins/com.nxp.mcuxpresso.tools.macosx_11.0.1.201907311258/tools/bin/../lib/gcc/arm-none-eabi/8.2.1/../../../../arm-none-eabi/lib/thumb/v6-m/nofp/libcr_c.a(fflush.o)
                0x0000000000001c44                fflush
 .text.__check_heap_overflow
                0x0000000000001c88       0x14 /Applications/MCUXpressoIDE_11.0.1_2563/ide/plugins/com.nxp.mcuxpresso.tools.macosx_11.0.1.201907311258/tools/bin/../lib/gcc/arm-none-eabi/8.2.1/../../../../arm-none-eabi/lib/thumb/v6-m/nofp/libcr_c.a(_cr_check_heap.o)
                0x0000000000001c88                __check_heap_overflow
 .text._do_fflush
                0x0000000000001c9c       0x44 /Applications/MCUXpressoIDE_11.0.1_2563/ide/plugins/com.nxp.mcuxpresso.tools.macosx_11.0.1.201907311258/tools/bin/../lib/gcc/arm-none-eabi/8.2.1/../../../../arm-none-eabi/lib/thumb/v6-m/nofp/libcr_c.a(_do_fflush.o)
                0x0000000000001c9c                _do_fflush
 .text.System_WriteString
                0x0000000000001ce0       0x18 ./uCUnit/System.o
                0x0000000000001ce0                System_WriteString
 .text.__main   0x0000000000001cf8        0xc /Applications/MCUXpressoIDE_11.0.1_2563/ide/plugins/com.nxp.mcuxpresso.tools.macosx_11.0.1.201907311258/tools/bin/../lib/gcc/arm-none-eabi/8.2.1/../../../../arm-none-eabi/lib/thumb/v6-m/nofp/libcr_semihost_nf.a(_cr__main.o)
                0x0000000000001cf8                __main
                0x0000000000001cf8                __CR_SEMIHOST
 .text.memset   0x0000000000001d04        0x8 /Applications/MCUXpressoIDE_11.0.1_2563/ide/plugins/com.nxp.mcuxpresso.tools.macosx_11.0.1.201907311258/tools/bin/../lib/gcc/arm-none-eabi/8.2.1/../../../../arm-none-eabi/lib/thumb/v6-m/nofp/libcr_c.a(memset.o)
                0x0000000000001d04                memset
 .text.free     0x0000000000001d0c       0x2c /Applications/MCUXpressoIDE_11.0.1_2563/ide/plugins/com.nxp.mcuxpresso.tools.macosx_11.0.1.201907311258/tools/bin/../lib/gcc/arm-none-eabi/8.2.1/../../../../arm-none-eabi/lib/thumb/v6-m/nofp/libcr_c.a(alloc.o)
                0x0000000000001d0c                free
 .text.fputs    0x0000000000001d38       0x2e /Applications/MCUXpressoIDE_11.0.1_2563/ide/plugins/com.nxp.mcuxpresso.tools.macosx_11.0.1.201907311258/tools/bin/../lib/gcc/arm-none-eabi/8.2.1/../../../../arm-none-eabi/lib/thumb/v6-m/nofp/libcr_c.a(fputs.o)
                0x0000000000001d38                fputs
 .text.no_fp_display
                0x0000000000001d66        0x4 /Applications/MCUXpressoIDE_11.0.1_2563/ide/plugins/com.nxp.mcuxpresso.tools.macosx_11.0.1.201907311258/tools/bin/../lib/gcc/arm-none-eabi/8.2.1/../../../../arm-none-eabi/lib/thumb/v6-m/nofp/libcr_c.a(printf.o)
 .text.remove   0x0000000000001d6a       0x12 /Applications/MCUXpressoIDE_11.0.1_2563/ide/plugins/com.nxp.mcuxpresso.tools.macosx_11.0.1.201907311258/tools/bin/../lib/gcc/arm-none-eabi/8.2.1/../../../../arm-none-eabi/lib/thumb/v6-m/nofp/libcr_c.a(remove.o)
                0x0000000000001d6a                remove
 .text.__aeabi_llong_lmul
                0x0000000000001d7c       0x2e /Applications/MCUXpressoIDE_11.0.1_2563/ide/plugins/com.nxp.mcuxpresso.tools.macosx_11.0.1.201907311258/tools/bin/../lib/gcc/arm-none-eabi/8.2.1/thumb/v6-m/nofp/libcr_eabihelpers.a(llong.o)
                0x0000000000001d7c                __aeabi_lmul
 .text.__aeabi_memset_lowlevel
                0x0000000000001daa       0x2a /Applications/MCUXpressoIDE_11.0.1_2563/ide/plugins/com.nxp.mcuxpresso.tools.macosx_11.0.1.201907311258/tools/bin/../lib/gcc/arm-none-eabi/8.2.1/thumb/v6-m/nofp/libcr_eabihelpers.a(memcpy.o)
                0x0000000000001daa                __aeabi_lowlevel_memset
 .text.__sys_close
                0x0000000000001dd4        0xc /Applications/MCUXpressoIDE_11.0.1_2563/ide/plugins/com.nxp.mcuxpresso.tools.macosx_11.0.1.201907311258/tools/bin/../lib/gcc/arm-none-eabi/8.2.1/../../../../arm-none-eabi/lib/thumb/v6-m/nofp/libcr_semihost_nf.a(__sys_close.o)
                0x0000000000001dd4                __sys_close
 .text.__sys_flen
                0x0000000000001de0        0xc /Applications/MCUXpressoIDE_11.0.1_2563/ide/plugins/com.nxp.mcuxpresso.tools.macosx_11.0.1.201907311258/tools/bin/../lib/gcc/arm-none-eabi/8.2.1/../../../../arm-none-eabi/lib/thumb/v6-m/nofp/libcr_semihost_nf.a(__sys_flen.o)
                0x0000000000001de0                __sys_flen
 .text.__sys_istty
                0x0000000000001dec        0xc /Applications/MCUXpressoIDE_11.0.1_2563/ide/plugins/com.nxp.mcuxpresso.tools.macosx_11.0.1.201907311258/tools/bin/../lib/gcc/arm-none-eabi/8.2.1/../../../../arm-none-eabi/lib/thumb/v6-m/nofp/libcr_semihost_nf.a(__sys_istty.o)
                0x0000000000001dec                __sys_istty
 .text.__sys_remove
                0x0000000000001df8        0xc /Applications/MCUXpressoIDE_11.0.1_2563/ide/plugins/com.nxp.mcuxpresso.tools.macosx_11.0.1.201907311258/tools/bin/../lib/gcc/arm-none-eabi/8.2.1/../../../../arm-none-eabi/lib/thumb/v6-m/nofp/libcr_semihost_nf.a(__sys_remove.o)
                0x0000000000001df8                __sys_remove
 .text.__sys_seek
                0x0000000000001e04        0xc /Applications/MCUXpressoIDE_11.0.1_2563/ide/plugins/com.nxp.mcuxpresso.tools.macosx_11.0.1.201907311258/tools/bin/../lib/gcc/arm-none-eabi/8.2.1/../../../../arm-none-eabi/lib/thumb/v6-m/nofp/libcr_semihost_nf.a(__sys_seek.o)
                0x0000000000001e04                __sys_seek
 .text.__sys_tmpnam
                0x0000000000001e10        0xc /Applications/MCUXpressoIDE_11.0.1_2563/ide/plugins/com.nxp.mcuxpresso.tools.macosx_11.0.1.201907311258/tools/bin/../lib/gcc/arm-none-eabi/8.2.1/../../../../arm-none-eabi/lib/thumb/v6-m/nofp/libcr_semihost_nf.a(__sys_tmpnam.o)
                0x0000000000001e10                __sys_tmpnam
 *(SORT_BY_ALIGNMENT(.rodata) SORT_BY_ALIGNMENT(.rodata.*) SORT_BY_ALIGNMENT(.constdata) SORT_BY_ALIGNMENT(.constdata.*))
 .rodata        0x0000000000001e1c       0xaf ./tests/main.o
 *fill*         0x0000000000001ecb        0x1 ff
 .rodata        0x0000000000001ecc      0x4ae ./drivers/fsl_dma.o
 *fill*         0x000000000000237a        0x2 ff
 .rodata.__num_Ciob_streams
                0x000000000000237c        0x4 /Applications/MCUXpressoIDE_11.0.1_2563/ide/plugins/com.nxp.mcuxpresso.tools.macosx_11.0.1.201907311258/tools/bin/../lib/gcc/arm-none-eabi/8.2.1/../../../../arm-none-eabi/lib/thumb/v6-m/nofp/libcr_semihost_nf.a(__ciob.o)
                0x000000000000237c                __num_Ciob_streams
 .rodata.__assertion_failed.str1.1
                0x0000000000002380       0x15 /Applications/MCUXpressoIDE_11.0.1_2563/ide/plugins/com.nxp.mcuxpresso.tools.macosx_11.0.1.201907311258/tools/bin/../lib/gcc/arm-none-eabi/8.2.1/../../../../arm-none-eabi/lib/thumb/v6-m/nofp/libcr_semihost_nf.a(_cr_assert.o)
 .rodata._Csys_alloc.str1.1
                0x0000000000002395       0x18 /Applications/MCUXpressoIDE_11.0.1_2563/ide/plugins/com.nxp.mcuxpresso.tools.macosx_11.0.1.201907311258/tools/bin/../lib/gcc/arm-none-eabi/8.2.1/../../../../arm-none-eabi/lib/thumb/v6-m/nofp/libcr_c.a(alloc.o)
 .rodata._initio.str1.1
                0x00000000000023ad        0x4 /Applications/MCUXpressoIDE_11.0.1_2563/ide/plugins/com.nxp.mcuxpresso.tools.macosx_11.0.1.201907311258/tools/bin/../lib/gcc/arm-none-eabi/8.2.1/../../../../arm-none-eabi/lib/thumb/v6-m/nofp/libcr_c.a(initio.o)
 .rodata.__vfprintf.str1.1
                0x00000000000023b1       0x35 /Applications/MCUXpressoIDE_11.0.1_2563/ide/plugins/com.nxp.mcuxpresso.tools.macosx_11.0.1.201907311258/tools/bin/../lib/gcc/arm-none-eabi/8.2.1/../../../../arm-none-eabi/lib/thumb/v6-m/nofp/libcr_c.a(printf.o)
                                         0x38 (size before relaxing)
                0x00000000000023e8                . = ALIGN (0x4)
 *fill*         0x00000000000023e6        0x2 ff

.glue_7         0x00000000000023e8        0x0
 .glue_7        0x00000000000023e8        0x0 linker stubs

.glue_7t        0x00000000000023e8        0x0
 .glue_7t       0x00000000000023e8        0x0 linker stubs

.vfp11_veneer   0x00000000000023e8        0x0
 .vfp11_veneer  0x00000000000023e8        0x0 linker stubs

.v4_bx          0x00000000000023e8        0x0
 .v4_bx         0x00000000000023e8        0x0 linker stubs

.iplt           0x00000000000023e8        0x0
 .iplt          0x00000000000023e8        0x0 ./utilities/fsl_debug_console.o

.rel.dyn        0x00000000000023e8        0x0
 .rel.iplt      0x00000000000023e8        0x0 ./utilities/fsl_debug_console.o

.ARM.extab
 *(SORT_BY_ALIGNMENT(.ARM.extab*) SORT_BY_ALIGNMENT(.gnu.linkonce.armextab.*))
                0x00000000000023e8                __exidx_start = .

.ARM.exidx
 *(SORT_BY_ALIGNMENT(.ARM.exidx*) SORT_BY_ALIGNMENT(.gnu.linkonce.armexidx.*))
                0x00000000000023e8                __exidx_end = .
                0x00000000000023e8                _etext = .

.m_usb_data
 *(SORT_BY_ALIGNMENT(m_usb_bdt))

.mtb_buffer_default
                0x000000001ffff000       0x80
 *(SORT_BY_ALIGNMENT(.mtb*))
 .mtb.$RAM1     0x000000001ffff000       0x80 ./source/mtb.o
                0x000000001ffff000                __mtb_buffer__

.uninit_RESERVED
                0x000000001ffff080        0x0
                0x000000001ffff080                . = ALIGN (0x4)
 *(SORT_BY_ALIGNMENT(.bss.$RESERVED*))
                0x000000001ffff080                . = ALIGN (0x4)
                0x000000001ffff080                _end_uninit_RESERVED = .

.data           0x000000001ffff080        0x0 load address 0x00000000000023e8
 FILL mask 0xff
                0x000000001ffff080                _data = .
 *(SORT_BY_ALIGNMENT(vtable))
 *(SORT_BY_ALIGNMENT(.ramfunc*))
 *(SORT_BY_ALIGNMENT(CodeQuickAccess))
 *(SORT_BY_ALIGNMENT(DataQuickAccess))
 *(SORT_BY_ALIGNMENT(RamFunction))
 *(SORT_BY_ALIGNMENT(.data*))
                0x000000001ffff080                . = ALIGN (0x4)
                0x000000001ffff080                _edata = .

.igot.plt       0x000000001ffff080        0x0 load address 0x00000000000023e8
 .igot.plt      0x000000001ffff080        0x0 ./utilities/fsl_debug_console.o

.bss            0x000000001ffff080      0x11c load address 0x00000000000023e8
                0x000000001ffff080                . = ALIGN (0x4)
                0x000000001ffff080                _bss = .
 *(SORT_BY_ALIGNMENT(.bss*))
 .bss.s_debugConsole
                0x000000001ffff080       0x10 ./utilities/fsl_debug_console.o
 .bss.ucunit_checks_failed
                0x000000001ffff090        0x4 ./tests/main.o
 .bss.ucunit_testcases_failed
                0x000000001ffff094        0x4 ./tests/main.o
 .bss.ucunit_testcases_passed
                0x000000001ffff098        0x4 ./tests/main.o
 .bss.ucunit_testcases_failed_checks
                0x000000001ffff09c        0x4 ./tests/main.o
 .bss.s_DMAHandle
                0x000000001ffff0a0       0x10 ./drivers/fsl_dma.o
 .bss.s_i2cHandle
                0x000000001ffff0b0        0x8 ./drivers/fsl_i2c.o
 .bss.s_i2cMasterIsr
                0x000000001ffff0b8        0x4 ./drivers/fsl_i2c.o
 .bss.s_i2cSlaveIsr
                0x000000001ffff0bc        0x4 ./drivers/fsl_i2c.o
 .bss.s_lpsciHandle
                0x000000001ffff0c0        0x4 ./drivers/fsl_lpsci.o
 .bss.s_lpsciIsr
                0x000000001ffff0c4        0x4 ./drivers/fsl_lpsci.o
 .bss.s_uartHandle
                0x000000001ffff0c8        0xc ./drivers/fsl_uart.o
 .bss.s_uartIsr
                0x000000001ffff0d4        0x4 ./drivers/fsl_uart.o
 .bss.__Ciob    0x000000001ffff0d8       0xb4 /Applications/MCUXpressoIDE_11.0.1_2563/ide/plugins/com.nxp.mcuxpresso.tools.macosx_11.0.1.201907311258/tools/bin/../lib/gcc/arm-none-eabi/8.2.1/../../../../arm-none-eabi/lib/thumb/v6-m/nofp/libcr_semihost_nf.a(__ciob.o)
                0x000000001ffff0d8                __Ciob
 .bss.__end_of_heap
                0x000000001ffff18c        0x4 /Applications/MCUXpressoIDE_11.0.1_2563/ide/plugins/com.nxp.mcuxpresso.tools.macosx_11.0.1.201907311258/tools/bin/../lib/gcc/arm-none-eabi/8.2.1/../../../../arm-none-eabi/lib/thumb/v6-m/nofp/libcr_c.a(__init_alloc.o)
                0x000000001ffff18c                __end_of_heap
 .bss.__heaps   0x000000001ffff190        0x4 /Applications/MCUXpressoIDE_11.0.1_2563/ide/plugins/com.nxp.mcuxpresso.tools.macosx_11.0.1.201907311258/tools/bin/../lib/gcc/arm-none-eabi/8.2.1/../../../../arm-none-eabi/lib/thumb/v6-m/nofp/libcr_c.a(__init_alloc.o)
                0x000000001ffff190                __heaps
 .bss.errno     0x000000001ffff194        0x4 /Applications/MCUXpressoIDE_11.0.1_2563/ide/plugins/com.nxp.mcuxpresso.tools.macosx_11.0.1.201907311258/tools/bin/../lib/gcc/arm-none-eabi/8.2.1/../../../../arm-none-eabi/lib/thumb/v6-m/nofp/libcr_c.a(errno.o)
                0x000000001ffff194                errno
 .bss.logging   0x000000001ffff198        0x1 ./source/logger.o
 *(SORT_BY_ALIGNMENT(COMMON))
                0x000000001ffff19c                . = ALIGN (0x4)
 *fill*         0x000000001ffff199        0x3 
                0x000000001ffff19c                _ebss = .
                [!provide]                        PROVIDE (end = .)

.noinit         0x000000001ffff19c        0x0 load address 0x00000000000023e8
                0x000000001ffff19c                . = ALIGN (0x4)
                0x000000001ffff19c                _noinit = .
 *(SORT_BY_ALIGNMENT(.noinit*))
                0x000000001ffff19c                . = ALIGN (0x4)
                0x000000001ffff19c                _end_noinit = .
                0x0000000000000400                _HeapSize = 0x400

.heap           0x000000001ffff19c      0x400 load address 0x00000000000023e8
                0x000000001ffff19c                _pvHeapStart = .
                0x000000001ffff59c                . = (. + _HeapSize)
 *fill*         0x000000001ffff19c      0x400 
                0x000000001ffff59c                . = ALIGN (0x4)
                0x000000001ffff59c                _pvHeapLimit = .
                0x0000000000000400                _StackSize = 0x400

.heap2stackfill
                0x000000001ffff59c      0x400 load address 0x00000000000023e8
                0x000000001ffff99c                . = (. + _StackSize)
 *fill*         0x000000001ffff59c      0x400 

.stack          0x0000000020002c00        0x0
                0x0000000020002c00                _vStackBase = .
                0x0000000020002c00                . = ALIGN (0x4)
                0x0000000020003000                _vStackTop = (. + _StackSize)
                0x0000000000000000                _image_start = LOADADDR (.text)
                0x00000000000023e8                _image_end = (LOADADDR (.data) + SIZEOF (.data))
                0x00000000000023e8                _image_size = (_image_end - _image_start)
OUTPUT(test.axf elf32-littlearm)

.debug_info     0x0000000000000000     0x6ecc
 .debug_info    0x0000000000000000      0xa38 ./utilities/fsl_debug_console.o
 .debug_info    0x0000000000000a38      0x2aa ./uCUnit/System.o
 .debug_info    0x0000000000000ce2      0x170 ./tests/main.o
 .debug_info    0x0000000000000e52      0x4df ./startup/startup_mkl25z4.o
 .debug_info    0x0000000000001331      0x478 ./source/logger.o
 .debug_info    0x00000000000017a9       0x53 ./source/mtb.o
 .debug_info    0x00000000000017fc       0x3c ./source/semihost_hardfault.o
 .debug_info    0x0000000000001838      0xf4e ./drivers/fsl_dma.o
 .debug_info    0x0000000000002786     0x1a9a ./drivers/fsl_i2c.o
 .debug_info    0x0000000000004220     0x1469 ./drivers/fsl_lpsci.o
 .debug_info    0x0000000000005689     0x140a ./drivers/fsl_uart.o
 .debug_info    0x0000000000006a93      0x439 ./CMSIS/system_MKL25Z4.o

.debug_abbrev   0x0000000000000000     0x1517
 .debug_abbrev  0x0000000000000000      0x22c ./utilities/fsl_debug_console.o
 .debug_abbrev  0x000000000000022c      0x10c ./uCUnit/System.o
 .debug_abbrev  0x0000000000000338       0xa5 ./tests/main.o
 .debug_abbrev  0x00000000000003dd      0x18d ./startup/startup_mkl25z4.o
 .debug_abbrev  0x000000000000056a      0x15a ./source/logger.o
 .debug_abbrev  0x00000000000006c4       0x46 ./source/mtb.o
 .debug_abbrev  0x000000000000070a       0x31 ./source/semihost_hardfault.o
 .debug_abbrev  0x000000000000073b      0x2ec ./drivers/fsl_dma.o
 .debug_abbrev  0x0000000000000a27      0x36e ./drivers/fsl_i2c.o
 .debug_abbrev  0x0000000000000d95      0x309 ./drivers/fsl_lpsci.o
 .debug_abbrev  0x000000000000109e      0x323 ./drivers/fsl_uart.o
 .debug_abbrev  0x00000000000013c1      0x156 ./CMSIS/system_MKL25Z4.o

.debug_aranges  0x0000000000000000      0x760
 .debug_aranges
                0x0000000000000000       0x58 ./utilities/fsl_debug_console.o
 .debug_aranges
                0x0000000000000058       0x50 ./uCUnit/System.o
 .debug_aranges
                0x00000000000000a8       0x20 ./tests/main.o
 .debug_aranges
                0x00000000000000c8      0x160 ./startup/startup_mkl25z4.o
 .debug_aranges
                0x0000000000000228       0x48 ./source/logger.o
 .debug_aranges
                0x0000000000000270       0x18 ./source/mtb.o
 .debug_aranges
                0x0000000000000288       0x20 ./source/semihost_hardfault.o
 .debug_aranges
                0x00000000000002a8       0xd0 ./drivers/fsl_dma.o
 .debug_aranges
                0x0000000000000378      0x178 ./drivers/fsl_i2c.o
 .debug_aranges
                0x00000000000004f0      0x118 ./drivers/fsl_lpsci.o
 .debug_aranges
                0x0000000000000608      0x130 ./drivers/fsl_uart.o
 .debug_aranges
                0x0000000000000738       0x28 ./CMSIS/system_MKL25Z4.o

.debug_ranges   0x0000000000000000      0x698
 .debug_ranges  0x0000000000000000       0x48 ./utilities/fsl_debug_console.o
 .debug_ranges  0x0000000000000048       0x40 ./uCUnit/System.o
 .debug_ranges  0x0000000000000088       0x10 ./tests/main.o
 .debug_ranges  0x0000000000000098      0x150 ./startup/startup_mkl25z4.o
 .debug_ranges  0x00000000000001e8       0x38 ./source/logger.o
 .debug_ranges  0x0000000000000220       0x10 ./source/semihost_hardfault.o
 .debug_ranges  0x0000000000000230       0xc0 ./drivers/fsl_dma.o
 .debug_ranges  0x00000000000002f0      0x168 ./drivers/fsl_i2c.o
 .debug_ranges  0x0000000000000458      0x108 ./drivers/fsl_lpsci.o
 .debug_ranges  0x0000000000000560      0x120 ./drivers/fsl_uart.o
 .debug_ranges  0x0000000000000680       0x18 ./CMSIS/system_MKL25Z4.o

.debug_macro    0x0000000000000000     0x89fb
 .debug_macro   0x0000000000000000      0x13a ./utilities/fsl_debug_console.o
 .debug_macro   0x000000000000013a      0xaae ./utilities/fsl_debug_console.o
 .debug_macro   0x0000000000000be8       0x10 ./utilities/fsl_debug_console.o
 .debug_macro   0x0000000000000bf8       0x16 ./utilities/fsl_debug_console.o
 .debug_macro   0x0000000000000c0e       0x10 ./utilities/fsl_debug_console.o
 .debug_macro   0x0000000000000c1e      0x12e ./utilities/fsl_debug_console.o
 .debug_macro   0x0000000000000d4c       0x28 ./utilities/fsl_debug_console.o
 .debug_macro   0x0000000000000d74       0xc4 ./utilities/fsl_debug_console.o
 .debug_macro   0x0000000000000e38       0x16 ./utilities/fsl_debug_console.o
 .debug_macro   0x0000000000000e4e       0x22 ./utilities/fsl_debug_console.o
 .debug_macro   0x0000000000000e70      0x5b3 ./utilities/fsl_debug_console.o
 .debug_macro   0x0000000000001423       0x10 ./utilities/fsl_debug_console.o
 .debug_macro   0x0000000000001433       0x3f ./utilities/fsl_debug_console.o
 .debug_macro   0x0000000000001472       0x3a ./utilities/fsl_debug_console.o
 .debug_macro   0x00000000000014ac       0x26 ./utilities/fsl_debug_console.o
 .debug_macro   0x00000000000014d2      0x329 ./utilities/fsl_debug_console.o
 .debug_macro   0x00000000000017fb       0x30 ./utilities/fsl_debug_console.o
 .debug_macro   0x000000000000182b     0x51e2 ./utilities/fsl_debug_console.o
 .debug_macro   0x0000000000006a0d     0x1352 ./utilities/fsl_debug_console.o
 .debug_macro   0x0000000000007d5f       0x3a ./utilities/fsl_debug_console.o
 .debug_macro   0x0000000000007d99       0xf4 ./utilities/fsl_debug_console.o
 .debug_macro   0x0000000000007e8d       0x35 ./utilities/fsl_debug_console.o
 .debug_macro   0x0000000000007ec2       0xd2 ./utilities/fsl_debug_console.o
 .debug_macro   0x0000000000007f94       0x2e ./utilities/fsl_debug_console.o
 .debug_macro   0x0000000000007fc2       0x10 ./utilities/fsl_debug_console.o
 .debug_macro   0x0000000000007fd2       0x10 ./utilities/fsl_debug_console.o
 .debug_macro   0x0000000000007fe2      0x11b ./uCUnit/System.o
 .debug_macro   0x00000000000080fd       0xd8 ./uCUnit/System.o
 .debug_macro   0x00000000000081d5       0x22 ./uCUnit/System.o
 .debug_macro   0x00000000000081f7       0x81 ./tests/main.o
 .debug_macro   0x0000000000008278      0x111 ./tests/main.o
 .debug_macro   0x0000000000008389       0x10 ./tests/main.o
 .debug_macro   0x0000000000008399       0x29 ./startup/startup_mkl25z4.o
 .debug_macro   0x00000000000083c2      0x10e ./source/logger.o
 .debug_macro   0x00000000000084d0       0x2f ./source/mtb.o
 .debug_macro   0x00000000000084ff       0x82 ./source/mtb.o
 .debug_macro   0x0000000000008581       0x10 ./source/mtb.o
 .debug_macro   0x0000000000008591       0x11 ./source/semihost_hardfault.o
 .debug_macro   0x00000000000085a2       0xec ./drivers/fsl_dma.o
 .debug_macro   0x000000000000868e       0xeb ./drivers/fsl_i2c.o
 .debug_macro   0x0000000000008779       0x10 ./drivers/fsl_i2c.o
 .debug_macro   0x0000000000008789       0xec ./drivers/fsl_lpsci.o
 .debug_macro   0x0000000000008875       0xf2 ./drivers/fsl_uart.o
 .debug_macro   0x0000000000008967       0x94 ./CMSIS/system_MKL25Z4.o

.debug_line     0x0000000000000000     0x47b5
 .debug_line    0x0000000000000000      0x483 ./utilities/fsl_debug_console.o
 .debug_line    0x0000000000000483      0x352 ./uCUnit/System.o
 .debug_line    0x00000000000007d5      0x1f9 ./tests/main.o
 .debug_line    0x00000000000009ce      0x1e7 ./startup/startup_mkl25z4.o
 .debug_line    0x0000000000000bb5      0x372 ./source/logger.o
 .debug_line    0x0000000000000f27       0xd9 ./source/mtb.o
 .debug_line    0x0000000000001000       0x5a ./source/semihost_hardfault.o
 .debug_line    0x000000000000105a      0x713 ./drivers/fsl_dma.o
 .debug_line    0x000000000000176d     0x1286 ./drivers/fsl_i2c.o
 .debug_line    0x00000000000029f3      0xd42 ./drivers/fsl_lpsci.o
 .debug_line    0x0000000000003735      0xd31 ./drivers/fsl_uart.o
 .debug_line    0x0000000000004466      0x34f ./CMSIS/system_MKL25Z4.o

.debug_str      0x0000000000000000    0x35c76
 .debug_str     0x0000000000000000    0x315dc ./utilities/fsl_debug_console.o
                                      0x31846 (size before relaxing)
 .debug_str     0x00000000000315dc       0x89 ./uCUnit/System.o
                                      0x309f5 (size before relaxing)
 .debug_str     0x0000000000031665     0x1249 ./tests/main.o
                                       0x5745 (size before relaxing)
 .debug_str     0x00000000000328ae      0x403 ./startup/startup_mkl25z4.o
                                       0x31da (size before relaxing)
 .debug_str     0x0000000000032cb1       0x85 ./source/logger.o
                                      0x30e13 (size before relaxing)
 .debug_str     0x0000000000032d36      0x532 ./source/mtb.o
                                       0x32e6 (size before relaxing)
 .debug_str     0x0000000000033268       0x1f ./source/semihost_hardfault.o
                                       0x2dd3 (size before relaxing)
 .debug_str     0x0000000000033287      0xb43 ./drivers/fsl_dma.o
                                      0x315af (size before relaxing)
 .debug_str     0x0000000000033dca      0xc25 ./drivers/fsl_i2c.o
                                      0x31abb (size before relaxing)
 .debug_str     0x00000000000349ef      0x926 ./drivers/fsl_lpsci.o
                                      0x318e9 (size before relaxing)
 .debug_str     0x0000000000035315      0x832 ./drivers/fsl_uart.o
                                      0x3190c (size before relaxing)
 .debug_str     0x0000000000035b47      0x12f ./CMSIS/system_MKL25Z4.o
                                      0x2fc4b (size before relaxing)

.comment        0x0000000000000000       0x75
 .comment       0x0000000000000000       0x75 ./utilities/fsl_debug_console.o
                                         0x76 (size before relaxing)
 .comment       0x0000000000000075       0x76 ./uCUnit/System.o
 .comment       0x0000000000000075       0x76 ./tests/main.o
 .comment       0x0000000000000075       0x76 ./startup/startup_mkl25z4.o
 .comment       0x0000000000000075       0x76 ./source/logger.o
 .comment       0x0000000000000075       0x76 ./source/mtb.o
 .comment       0x0000000000000075       0x76 ./source/semihost_hardfault.o
 .comment       0x0000000000000075       0x76 ./drivers/fsl_dma.o
 .comment       0x0000000000000075       0x76 ./drivers/fsl_i2c.o
 .comment       0x0000000000000075       0x76 ./drivers/fsl_lpsci.o
 .comment       0x0000000000000075       0x76 ./drivers/fsl_uart.o
 .comment       0x0000000000000075       0x76 ./CMSIS/system_MKL25Z4.o
 .comment       0x0000000000000075       0x76 /Applications/MCUXpressoIDE_11.0.1_2563/ide/plugins/com.nxp.mcuxpresso.tools.macosx_11.0.1.201907311258/tools/bin/../lib/gcc/arm-none-eabi/8.2.1/../../../../arm-none-eabi/lib/thumb/v6-m/nofp/libcr_semihost_nf.a(_cr__main.o)
 .comment       0x0000000000000075       0x76 /Applications/MCUXpressoIDE_11.0.1_2563/ide/plugins/com.nxp.mcuxpresso.tools.macosx_11.0.1.201907311258/tools/bin/../lib/gcc/arm-none-eabi/8.2.1/../../../../arm-none-eabi/lib/thumb/v6-m/nofp/libcr_semihost_nf.a(_cr_assert.o)
 .comment       0x0000000000000075       0x76 /Applications/MCUXpressoIDE_11.0.1_2563/ide/plugins/com.nxp.mcuxpresso.tools.macosx_11.0.1.201907311258/tools/bin/../lib/gcc/arm-none-eabi/8.2.1/../../../../arm-none-eabi/lib/thumb/v6-m/nofp/libcr_semihost_nf.a(__ciob.o)
 .comment       0x0000000000000075       0x76 /Applications/MCUXpressoIDE_11.0.1_2563/ide/plugins/com.nxp.mcuxpresso.tools.macosx_11.0.1.201907311258/tools/bin/../lib/gcc/arm-none-eabi/8.2.1/../../../../arm-none-eabi/lib/thumb/v6-m/nofp/libcr_c.a(memset.o)
 .comment       0x0000000000000075       0x76 /Applications/MCUXpressoIDE_11.0.1_2563/ide/plugins/com.nxp.mcuxpresso.tools.macosx_11.0.1.201907311258/tools/bin/../lib/gcc/arm-none-eabi/8.2.1/../../../../arm-none-eabi/lib/thumb/v6-m/nofp/libcr_c.a(_deferredlazyseek.o)
 .comment       0x0000000000000075       0x76 /Applications/MCUXpressoIDE_11.0.1_2563/ide/plugins/com.nxp.mcuxpresso.tools.macosx_11.0.1.201907311258/tools/bin/../lib/gcc/arm-none-eabi/8.2.1/../../../../arm-none-eabi/lib/thumb/v6-m/nofp/libcr_c.a(_fflush.o)
 .comment       0x0000000000000075       0x76 /Applications/MCUXpressoIDE_11.0.1_2563/ide/plugins/com.nxp.mcuxpresso.tools.macosx_11.0.1.201907311258/tools/bin/../lib/gcc/arm-none-eabi/8.2.1/../../../../arm-none-eabi/lib/thumb/v6-m/nofp/libcr_c.a(_writebuf.o)
 .comment       0x0000000000000075       0x76 /Applications/MCUXpressoIDE_11.0.1_2563/ide/plugins/com.nxp.mcuxpresso.tools.macosx_11.0.1.201907311258/tools/bin/../lib/gcc/arm-none-eabi/8.2.1/../../../../arm-none-eabi/lib/thumb/v6-m/nofp/libcr_c.a(alloc.o)
 .comment       0x0000000000000075       0x76 /Applications/MCUXpressoIDE_11.0.1_2563/ide/plugins/com.nxp.mcuxpresso.tools.macosx_11.0.1.201907311258/tools/bin/../lib/gcc/arm-none-eabi/8.2.1/../../../../arm-none-eabi/lib/thumb/v6-m/nofp/libcr_c.a(fputs.o)
 .comment       0x0000000000000075       0x76 /Applications/MCUXpressoIDE_11.0.1_2563/ide/plugins/com.nxp.mcuxpresso.tools.macosx_11.0.1.201907311258/tools/bin/../lib/gcc/arm-none-eabi/8.2.1/../../../../arm-none-eabi/lib/thumb/v6-m/nofp/libcr_c.a(fseek.o)
 .comment       0x0000000000000075       0x76 /Applications/MCUXpressoIDE_11.0.1_2563/ide/plugins/com.nxp.mcuxpresso.tools.macosx_11.0.1.201907311258/tools/bin/../lib/gcc/arm-none-eabi/8.2.1/../../../../arm-none-eabi/lib/thumb/v6-m/nofp/libcr_c.a(ftell.o)
 .comment       0x0000000000000075       0x76 /Applications/MCUXpressoIDE_11.0.1_2563/ide/plugins/com.nxp.mcuxpresso.tools.macosx_11.0.1.201907311258/tools/bin/../lib/gcc/arm-none-eabi/8.2.1/../../../../arm-none-eabi/lib/thumb/v6-m/nofp/libcr_c.a(initio.o)
 .comment       0x0000000000000075       0x76 /Applications/MCUXpressoIDE_11.0.1_2563/ide/plugins/com.nxp.mcuxpresso.tools.macosx_11.0.1.201907311258/tools/bin/../lib/gcc/arm-none-eabi/8.2.1/../../../../arm-none-eabi/lib/thumb/v6-m/nofp/libcr_c.a(printf.o)
 .comment       0x0000000000000075       0x76 /Applications/MCUXpressoIDE_11.0.1_2563/ide/plugins/com.nxp.mcuxpresso.tools.macosx_11.0.1.201907311258/tools/bin/../lib/gcc/arm-none-eabi/8.2.1/../../../../arm-none-eabi/lib/thumb/v6-m/nofp/libcr_c.a(setvbuf.o)
 .comment       0x0000000000000075       0x76 /Applications/MCUXpressoIDE_11.0.1_2563/ide/plugins/com.nxp.mcuxpresso.tools.macosx_11.0.1.201907311258/tools/bin/../lib/gcc/arm-none-eabi/8.2.1/../../../../arm-none-eabi/lib/thumb/v6-m/nofp/libcr_c.a(strlen.o)
 .comment       0x0000000000000075       0x76 /Applications/MCUXpressoIDE_11.0.1_2563/ide/plugins/com.nxp.mcuxpresso.tools.macosx_11.0.1.201907311258/tools/bin/../lib/gcc/arm-none-eabi/8.2.1/../../../../arm-none-eabi/lib/thumb/v6-m/nofp/libcr_c.a(__init_alloc.o)
 .comment       0x0000000000000075       0x76 /Applications/MCUXpressoIDE_11.0.1_2563/ide/plugins/com.nxp.mcuxpresso.tools.macosx_11.0.1.201907311258/tools/bin/../lib/gcc/arm-none-eabi/8.2.1/../../../../arm-none-eabi/lib/thumb/v6-m/nofp/libcr_c.a(_cr_sbrk.o)
 .comment       0x0000000000000075       0x76 /Applications/MCUXpressoIDE_11.0.1_2563/ide/plugins/com.nxp.mcuxpresso.tools.macosx_11.0.1.201907311258/tools/bin/../lib/gcc/arm-none-eabi/8.2.1/../../../../arm-none-eabi/lib/thumb/v6-m/nofp/libcr_c.a(_fdopen.o)
 .comment       0x0000000000000075       0x76 /Applications/MCUXpressoIDE_11.0.1_2563/ide/plugins/com.nxp.mcuxpresso.tools.macosx_11.0.1.201907311258/tools/bin/../lib/gcc/arm-none-eabi/8.2.1/../../../../arm-none-eabi/lib/thumb/v6-m/nofp/libcr_c.a(errno.o)
 .comment       0x0000000000000075       0x76 /Applications/MCUXpressoIDE_11.0.1_2563/ide/plugins/com.nxp.mcuxpresso.tools.macosx_11.0.1.201907311258/tools/bin/../lib/gcc/arm-none-eabi/8.2.1/../../../../arm-none-eabi/lib/thumb/v6-m/nofp/libcr_c.a(fclose.o)
 .comment       0x0000000000000075       0x76 /Applications/MCUXpressoIDE_11.0.1_2563/ide/plugins/com.nxp.mcuxpresso.tools.macosx_11.0.1.201907311258/tools/bin/../lib/gcc/arm-none-eabi/8.2.1/../../../../arm-none-eabi/lib/thumb/v6-m/nofp/libcr_c.a(fflush.o)
 .comment       0x0000000000000075       0x76 /Applications/MCUXpressoIDE_11.0.1_2563/ide/plugins/com.nxp.mcuxpresso.tools.macosx_11.0.1.201907311258/tools/bin/../lib/gcc/arm-none-eabi/8.2.1/../../../../arm-none-eabi/lib/thumb/v6-m/nofp/libcr_c.a(remove.o)
 .comment       0x0000000000000075       0x76 /Applications/MCUXpressoIDE_11.0.1_2563/ide/plugins/com.nxp.mcuxpresso.tools.macosx_11.0.1.201907311258/tools/bin/../lib/gcc/arm-none-eabi/8.2.1/../../../../arm-none-eabi/lib/thumb/v6-m/nofp/libcr_c.a(_cr_check_heap.o)
 .comment       0x0000000000000075       0x76 /Applications/MCUXpressoIDE_11.0.1_2563/ide/plugins/com.nxp.mcuxpresso.tools.macosx_11.0.1.201907311258/tools/bin/../lib/gcc/arm-none-eabi/8.2.1/../../../../arm-none-eabi/lib/thumb/v6-m/nofp/libcr_c.a(_do_fflush.o)

.ARM.attributes
                0x0000000000000000       0x2a
 .ARM.attributes
                0x0000000000000000       0x2c ./utilities/fsl_debug_console.o
 .ARM.attributes
                0x000000000000002c       0x2c ./uCUnit/System.o
 .ARM.attributes
                0x0000000000000058       0x2c ./tests/main.o
 .ARM.attributes
                0x0000000000000084       0x2c ./startup/startup_mkl25z4.o
 .ARM.attributes
                0x00000000000000b0       0x2c ./source/logger.o
 .ARM.attributes
                0x00000000000000dc       0x32 ./source/mtb.o
 .ARM.attributes
                0x000000000000010e       0x2c ./source/semihost_hardfault.o
 .ARM.attributes
                0x000000000000013a       0x2c ./drivers/fsl_dma.o
 .ARM.attributes
                0x0000000000000166       0x2c ./drivers/fsl_i2c.o
 .ARM.attributes
                0x0000000000000192       0x2c ./drivers/fsl_lpsci.o
 .ARM.attributes
                0x00000000000001be       0x2c ./drivers/fsl_uart.o
 .ARM.attributes
                0x00000000000001ea       0x2c ./CMSIS/system_MKL25Z4.o
 .ARM.attributes
                0x0000000000000216       0x2c /Applications/MCUXpressoIDE_11.0.1_2563/ide/plugins/com.nxp.mcuxpresso.tools.macosx_11.0.1.201907311258/tools/bin/../lib/gcc/arm-none-eabi/8.2.1/../../../../arm-none-eabi/lib/thumb/v6-m/nofp/libcr_semihost_nf.a(_cr__main.o)
 .ARM.attributes
                0x0000000000000242       0x2c /Applications/MCUXpressoIDE_11.0.1_2563/ide/plugins/com.nxp.mcuxpresso.tools.macosx_11.0.1.201907311258/tools/bin/../lib/gcc/arm-none-eabi/8.2.1/../../../../arm-none-eabi/lib/thumb/v6-m/nofp/libcr_semihost_nf.a(_cr_assert.o)
 .ARM.attributes
                0x000000000000026e       0x31 /Applications/MCUXpressoIDE_11.0.1_2563/ide/plugins/com.nxp.mcuxpresso.tools.macosx_11.0.1.201907311258/tools/bin/../lib/gcc/arm-none-eabi/8.2.1/../../../../arm-none-eabi/lib/thumb/v6-m/nofp/libcr_semihost_nf.a(__ciob.o)
 .ARM.attributes
                0x000000000000029f       0x1c /Applications/MCUXpressoIDE_11.0.1_2563/ide/plugins/com.nxp.mcuxpresso.tools.macosx_11.0.1.201907311258/tools/bin/../lib/gcc/arm-none-eabi/8.2.1/../../../../arm-none-eabi/lib/thumb/v6-m/nofp/libcr_semihost_nf.a(__sys_appexit.o)
 .ARM.attributes
                0x00000000000002bb       0x2c /Applications/MCUXpressoIDE_11.0.1_2563/ide/plugins/com.nxp.mcuxpresso.tools.macosx_11.0.1.201907311258/tools/bin/../lib/gcc/arm-none-eabi/8.2.1/../../../../arm-none-eabi/lib/thumb/v6-m/nofp/libcr_c.a(memset.o)
 .ARM.attributes
                0x00000000000002e7       0x2c /Applications/MCUXpressoIDE_11.0.1_2563/ide/plugins/com.nxp.mcuxpresso.tools.macosx_11.0.1.201907311258/tools/bin/../lib/gcc/arm-none-eabi/8.2.1/../../../../arm-none-eabi/lib/thumb/v6-m/nofp/libcr_c.a(_deferredlazyseek.o)
 .ARM.attributes
                0x0000000000000313       0x2c /Applications/MCUXpressoIDE_11.0.1_2563/ide/plugins/com.nxp.mcuxpresso.tools.macosx_11.0.1.201907311258/tools/bin/../lib/gcc/arm-none-eabi/8.2.1/../../../../arm-none-eabi/lib/thumb/v6-m/nofp/libcr_c.a(_fflush.o)
 .ARM.attributes
                0x000000000000033f       0x2c /Applications/MCUXpressoIDE_11.0.1_2563/ide/plugins/com.nxp.mcuxpresso.tools.macosx_11.0.1.201907311258/tools/bin/../lib/gcc/arm-none-eabi/8.2.1/../../../../arm-none-eabi/lib/thumb/v6-m/nofp/libcr_c.a(_writebuf.o)
 .ARM.attributes
                0x000000000000036b       0x2c /Applications/MCUXpressoIDE_11.0.1_2563/ide/plugins/com.nxp.mcuxpresso.tools.macosx_11.0.1.201907311258/tools/bin/../lib/gcc/arm-none-eabi/8.2.1/../../../../arm-none-eabi/lib/thumb/v6-m/nofp/libcr_c.a(alloc.o)
 .ARM.attributes
                0x0000000000000397       0x2c /Applications/MCUXpressoIDE_11.0.1_2563/ide/plugins/com.nxp.mcuxpresso.tools.macosx_11.0.1.201907311258/tools/bin/../lib/gcc/arm-none-eabi/8.2.1/../../../../arm-none-eabi/lib/thumb/v6-m/nofp/libcr_c.a(fputs.o)
 .ARM.attributes
                0x00000000000003c3       0x2c /Applications/MCUXpressoIDE_11.0.1_2563/ide/plugins/com.nxp.mcuxpresso.tools.macosx_11.0.1.201907311258/tools/bin/../lib/gcc/arm-none-eabi/8.2.1/../../../../arm-none-eabi/lib/thumb/v6-m/nofp/libcr_c.a(fseek.o)
 .ARM.attributes
                0x00000000000003ef       0x2c /Applications/MCUXpressoIDE_11.0.1_2563/ide/plugins/com.nxp.mcuxpresso.tools.macosx_11.0.1.201907311258/tools/bin/../lib/gcc/arm-none-eabi/8.2.1/../../../../arm-none-eabi/lib/thumb/v6-m/nofp/libcr_c.a(ftell.o)
 .ARM.attributes
                0x000000000000041b       0x2c /Applications/MCUXpressoIDE_11.0.1_2563/ide/plugins/com.nxp.mcuxpresso.tools.macosx_11.0.1.201907311258/tools/bin/../lib/gcc/arm-none-eabi/8.2.1/../../../../arm-none-eabi/lib/thumb/v6-m/nofp/libcr_c.a(initio.o)
 .ARM.attributes
                0x0000000000000447       0x2c /Applications/MCUXpressoIDE_11.0.1_2563/ide/plugins/com.nxp.mcuxpresso.tools.macosx_11.0.1.201907311258/tools/bin/../lib/gcc/arm-none-eabi/8.2.1/../../../../arm-none-eabi/lib/thumb/v6-m/nofp/libcr_c.a(printf.o)
 .ARM.attributes
                0x0000000000000473       0x2c /Applications/MCUXpressoIDE_11.0.1_2563/ide/plugins/com.nxp.mcuxpresso.tools.macosx_11.0.1.201907311258/tools/bin/../lib/gcc/arm-none-eabi/8.2.1/../../../../arm-none-eabi/lib/thumb/v6-m/nofp/libcr_c.a(setvbuf.o)
 .ARM.attributes
                0x000000000000049f       0x2c /Applications/MCUXpressoIDE_11.0.1_2563/ide/plugins/com.nxp.mcuxpresso.tools.macosx_11.0.1.201907311258/tools/bin/../lib/gcc/arm-none-eabi/8.2.1/../../../../arm-none-eabi/lib/thumb/v6-m/nofp/libcr_c.a(strlen.o)
 .ARM.attributes
                0x00000000000004cb       0x2c /Applications/MCUXpressoIDE_11.0.1_2563/ide/plugins/com.nxp.mcuxpresso.tools.macosx_11.0.1.201907311258/tools/bin/../lib/gcc/arm-none-eabi/8.2.1/../../../../arm-none-eabi/lib/thumb/v6-m/nofp/libcr_c.a(__init_alloc.o)
 .ARM.attributes
                0x00000000000004f7       0x2c /Applications/MCUXpressoIDE_11.0.1_2563/ide/plugins/com.nxp.mcuxpresso.tools.macosx_11.0.1.201907311258/tools/bin/../lib/gcc/arm-none-eabi/8.2.1/../../../../arm-none-eabi/lib/thumb/v6-m/nofp/libcr_c.a(_cr_sbrk.o)
 .ARM.attributes
                0x0000000000000523       0x2c /Applications/MCUXpressoIDE_11.0.1_2563/ide/plugins/com.nxp.mcuxpresso.tools.macosx_11.0.1.201907311258/tools/bin/../lib/gcc/arm-none-eabi/8.2.1/../../../../arm-none-eabi/lib/thumb/v6-m/nofp/libcr_c.a(_fdopen.o)
 .ARM.attributes
                0x000000000000054f       0x31 /Applications/MCUXpressoIDE_11.0.1_2563/ide/plugins/com.nxp.mcuxpresso.tools.macosx_11.0.1.201907311258/tools/bin/../lib/gcc/arm-none-eabi/8.2.1/../../../../arm-none-eabi/lib/thumb/v6-m/nofp/libcr_c.a(errno.o)
 .ARM.attributes
                0x0000000000000580       0x2c /Applications/MCUXpressoIDE_11.0.1_2563/ide/plugins/com.nxp.mcuxpresso.tools.macosx_11.0.1.201907311258/tools/bin/../lib/gcc/arm-none-eabi/8.2.1/../../../../arm-none-eabi/lib/thumb/v6-m/nofp/libcr_c.a(fclose.o)
 .ARM.attributes
                0x00000000000005ac       0x2c /Applications/MCUXpressoIDE_11.0.1_2563/ide/plugins/com.nxp.mcuxpresso.tools.macosx_11.0.1.201907311258/tools/bin/../lib/gcc/arm-none-eabi/8.2.1/../../../../arm-none-eabi/lib/thumb/v6-m/nofp/libcr_c.a(fflush.o)
 .ARM.attributes
                0x00000000000005d8       0x2c /Applications/MCUXpressoIDE_11.0.1_2563/ide/plugins/com.nxp.mcuxpresso.tools.macosx_11.0.1.201907311258/tools/bin/../lib/gcc/arm-none-eabi/8.2.1/../../../../arm-none-eabi/lib/thumb/v6-m/nofp/libcr_c.a(remove.o)
 .ARM.attributes
                0x0000000000000604       0x2c /Applications/MCUXpressoIDE_11.0.1_2563/ide/plugins/com.nxp.mcuxpresso.tools.macosx_11.0.1.201907311258/tools/bin/../lib/gcc/arm-none-eabi/8.2.1/../../../../arm-none-eabi/lib/thumb/v6-m/nofp/libcr_c.a(_cr_check_heap.o)
 .ARM.attributes
                0x0000000000000630       0x2c /Applications/MCUXpressoIDE_11.0.1_2563/ide/plugins/com.nxp.mcuxpresso.tools.macosx_11.0.1.201907311258/tools/bin/../lib/gcc/arm-none-eabi/8.2.1/../../../../arm-none-eabi/lib/thumb/v6-m/nofp/libcr_c.a(_do_fflush.o)
 .ARM.attributes
                0x000000000000065c       0x1c /Applications/MCUXpressoIDE_11.0.1_2563/ide/plugins/com.nxp.mcuxpresso.tools.macosx_11.0.1.201907311258/tools/bin/../lib/gcc/arm-none-eabi/8.2.1/thumb/v6-m/nofp/libcr_eabihelpers.a(llong.o)
 .ARM.attributes
                0x0000000000000678       0x1c /Applications/MCUXpressoIDE_11.0.1_2563/ide/plugins/com.nxp.mcuxpresso.tools.macosx_11.0.1.201907311258/tools/bin/../lib/gcc/arm-none-eabi/8.2.1/thumb/v6-m/nofp/libcr_eabihelpers.a(memcpy.o)
 .ARM.attributes
                0x0000000000000694       0x1c /Applications/MCUXpressoIDE_11.0.1_2563/ide/plugins/com.nxp.mcuxpresso.tools.macosx_11.0.1.201907311258/tools/bin/../lib/gcc/arm-none-eabi/8.2.1/../../../../arm-none-eabi/lib/thumb/v6-m/nofp/libcr_semihost_nf.a(__sys_close.o)
 .ARM.attributes
                0x00000000000006b0       0x1c /Applications/MCUXpressoIDE_11.0.1_2563/ide/plugins/com.nxp.mcuxpresso.tools.macosx_11.0.1.201907311258/tools/bin/../lib/gcc/arm-none-eabi/8.2.1/../../../../arm-none-eabi/lib/thumb/v6-m/nofp/libcr_semihost_nf.a(__sys_flen.o)
 .ARM.attributes
                0x00000000000006cc       0x1c /Applications/MCUXpressoIDE_11.0.1_2563/ide/plugins/com.nxp.mcuxpresso.tools.macosx_11.0.1.201907311258/tools/bin/../lib/gcc/arm-none-eabi/8.2.1/../../../../arm-none-eabi/lib/thumb/v6-m/nofp/libcr_semihost_nf.a(__sys_istty.o)
 .ARM.attributes
                0x00000000000006e8       0x1c /Applications/MCUXpressoIDE_11.0.1_2563/ide/plugins/com.nxp.mcuxpresso.tools.macosx_11.0.1.201907311258/tools/bin/../lib/gcc/arm-none-eabi/8.2.1/../../../../arm-none-eabi/lib/thumb/v6-m/nofp/libcr_semihost_nf.a(__sys_remove.o)
 .ARM.attributes
                0x0000000000000704       0x1c /Applications/MCUXpressoIDE_11.0.1_2563/ide/plugins/com.nxp.mcuxpresso.tools.macosx_11.0.1.201907311258/tools/bin/../lib/gcc/arm-none-eabi/8.2.1/../../../../arm-none-eabi/lib/thumb/v6-m/nofp/libcr_semihost_nf.a(__sys_seek.o)
 .ARM.attributes
                0x0000000000000720       0x1c /Applications/MCUXpressoIDE_11.0.1_2563/ide/plugins/com.nxp.mcuxpresso.tools.macosx_11.0.1.201907311258/tools/bin/../lib/gcc/arm-none-eabi/8.2.1/../../../../arm-none-eabi/lib/thumb/v6-m/nofp/libcr_semihost_nf.a(__sys_tmpnam.o)

.debug_frame    0x0000000000000000     0x17e4
 .debug_frame   0x0000000000000000      0x10c ./utilities/fsl_debug_console.o
 .debug_frame   0x000000000000010c       0xe0 ./uCUnit/System.o
 .debug_frame   0x00000000000001ec       0x2c ./tests/main.o
 .debug_frame   0x0000000000000218      0x3b0 ./startup/startup_mkl25z4.o
 .debug_frame   0x00000000000005c8       0xc4 ./source/logger.o
 .debug_frame   0x000000000000068c       0x20 ./source/semihost_hardfault.o
 .debug_frame   0x00000000000006ac      0x2e0 ./drivers/fsl_dma.o
 .debug_frame   0x000000000000098c      0x58c ./drivers/fsl_i2c.o
 .debug_frame   0x0000000000000f18      0x418 ./drivers/fsl_lpsci.o
 .debug_frame   0x0000000000001330      0x468 ./drivers/fsl_uart.o
 .debug_frame   0x0000000000001798       0x4c ./CMSIS/system_MKL25Z4.o

Cross Reference Table

Symbol                                            File
ADC0_DriverIRQHandler                             ./startup/startup_mkl25z4.o
ADC0_IRQHandler                                   ./startup/startup_mkl25z4.o
BOARD_BootClockRUN                                ./board/clock_config.o
BOARD_BootClockVLPR                               ./board/clock_config.o
BOARD_InitBootClocks                              ./board/clock_config.o
                                                  ./source/setup_teardown.o
BOARD_InitBootPeripherals                         ./board/peripherals.o
                                                  ./source/setup_teardown.o
BOARD_InitBootPins                                ./board/pin_mux.o
                                                  ./source/setup_teardown.o
BOARD_InitDebugConsole                            ./board/board.o
                                                  ./source/setup_teardown.o
BOARD_InitPins                                    ./board/pin_mux.o
CLOCK_BootToBlpeMode                              ./drivers/fsl_clock.o
CLOCK_BootToBlpiMode                              ./drivers/fsl_clock.o
                                                  ./board/clock_config.o
CLOCK_BootToFeeMode                               ./drivers/fsl_clock.o
CLOCK_BootToFeiMode                               ./drivers/fsl_clock.o
CLOCK_BootToPeeMode                               ./drivers/fsl_clock.o
                                                  ./board/clock_config.o
CLOCK_CalcPllDiv                                  ./drivers/fsl_clock.o
CLOCK_ClearStatusFlags                            ./drivers/fsl_clock.o
CLOCK_DeinitOsc0                                  ./drivers/fsl_clock.o
CLOCK_EnablePll0                                  ./drivers/fsl_clock.o
CLOCK_EnableUsbfs0Clock                           ./drivers/fsl_clock.o
CLOCK_ExternalModeToFbeModeQuick                  ./drivers/fsl_clock.o
CLOCK_FllStableDelay                              ./drivers/fsl_clock.o
CLOCK_GetBusClkFreq                               ./drivers/fsl_clock.o
CLOCK_GetCoreSysClkFreq                           ./drivers/fsl_clock.o
CLOCK_GetEr32kClkFreq                             ./drivers/fsl_clock.o
CLOCK_GetFixedFreqClkFreq                         ./drivers/fsl_clock.o
CLOCK_GetFlashClkFreq                             ./drivers/fsl_clock.o
CLOCK_GetFllFreq                                  ./drivers/fsl_clock.o
CLOCK_GetFreq                                     ./drivers/fsl_clock.o
CLOCK_GetInternalRefClkFreq                       ./drivers/fsl_clock.o
CLOCK_GetMode                                     ./drivers/fsl_clock.o
CLOCK_GetOsc0ErClkFreq                            ./drivers/fsl_clock.o
CLOCK_GetOutClkFreq                               ./drivers/fsl_clock.o
CLOCK_GetPlatClkFreq                              ./drivers/fsl_clock.o
CLOCK_GetPll0Freq                                 ./drivers/fsl_clock.o
CLOCK_GetPllFllSelClkFreq                         ./drivers/fsl_clock.o
                                                  ./board/board.o
CLOCK_GetStatusFlags                              ./drivers/fsl_clock.o
CLOCK_InitOsc0                                    ./drivers/fsl_clock.o
                                                  ./board/clock_config.o
CLOCK_InternalModeToFbiModeQuick                  ./drivers/fsl_clock.o
CLOCK_SetBlpeMode                                 ./drivers/fsl_clock.o
CLOCK_SetBlpiMode                                 ./drivers/fsl_clock.o
CLOCK_SetExternalRefClkConfig                     ./drivers/fsl_clock.o
CLOCK_SetFbeMode                                  ./drivers/fsl_clock.o
CLOCK_SetFbiMode                                  ./drivers/fsl_clock.o
CLOCK_SetFeeMode                                  ./drivers/fsl_clock.o
CLOCK_SetFeiMode                                  ./drivers/fsl_clock.o
CLOCK_SetInternalRefClkConfig                     ./drivers/fsl_clock.o
                                                  ./board/clock_config.o
CLOCK_SetMcgConfig                                ./drivers/fsl_clock.o
CLOCK_SetOsc0MonitorMode                          ./drivers/fsl_clock.o
CLOCK_SetPbeMode                                  ./drivers/fsl_clock.o
CLOCK_SetPeeMode                                  ./drivers/fsl_clock.o
CLOCK_SetPll0MonitorMode                          ./drivers/fsl_clock.o
CLOCK_SetSimConfig                                ./drivers/fsl_clock.o
                                                  ./board/clock_config.o
CLOCK_TrimInternalRefClk                          ./drivers/fsl_clock.o
CMP0_DriverIRQHandler                             ./startup/startup_mkl25z4.o
CMP0_IRQHandler                                   ./startup/startup_mkl25z4.o
DAC0_DriverIRQHandler                             ./startup/startup_mkl25z4.o
DAC0_IRQHandler                                   ./startup/startup_mkl25z4.o
DMA0_DriverIRQHandler                             ./drivers/fsl_dma.o
                                                  ./startup/startup_mkl25z4.o
DMA0_IRQHandler                                   ./startup/startup_mkl25z4.o
DMA1_DriverIRQHandler                             ./drivers/fsl_dma.o
                                                  ./startup/startup_mkl25z4.o
DMA1_IRQHandler                                   ./startup/startup_mkl25z4.o
DMA2_DriverIRQHandler                             ./drivers/fsl_dma.o
                                                  ./startup/startup_mkl25z4.o
DMA2_IRQHandler                                   ./startup/startup_mkl25z4.o
DMA3_DriverIRQHandler                             ./drivers/fsl_dma.o
                                                  ./startup/startup_mkl25z4.o
DMA3_IRQHandler                                   ./startup/startup_mkl25z4.o
DMAMUX_Deinit                                     ./drivers/fsl_dmamux.o
DMAMUX_Init                                       ./drivers/fsl_dmamux.o
DMA_AbortTransfer                                 ./drivers/fsl_dma.o
                                                  ./drivers/fsl_uart_dma.o
                                                  ./drivers/fsl_lpsci_dma.o
                                                  ./drivers/fsl_i2c_dma.o
DMA_CreateHandle                                  ./drivers/fsl_dma.o
DMA_Deinit                                        ./drivers/fsl_dma.o
DMA_HandleIRQ                                     ./drivers/fsl_dma.o
DMA_Init                                          ./drivers/fsl_dma.o
DMA_PrepareTransfer                               ./drivers/fsl_dma.o
                                                  ./drivers/fsl_uart_dma.o
                                                  ./drivers/fsl_lpsci_dma.o
DMA_ResetChannel                                  ./drivers/fsl_dma.o
DMA_SetCallback                                   ./drivers/fsl_dma.o
                                                  ./drivers/fsl_uart_dma.o
                                                  ./drivers/fsl_lpsci_dma.o
                                                  ./drivers/fsl_i2c_dma.o
DMA_SetChannelLinkConfig                          ./drivers/fsl_dma.o
DMA_SetModulo                                     ./drivers/fsl_dma.o
DMA_SetTransferConfig                             ./drivers/fsl_dma.o
DMA_SubmitTransfer                                ./drivers/fsl_dma.o
                                                  ./drivers/fsl_uart_dma.o
                                                  ./drivers/fsl_lpsci_dma.o
                                                  ./drivers/fsl_i2c_dma.o
DbgConsole_Deinit                                 ./utilities/fsl_debug_console.o
DbgConsole_Init                                   ./utilities/fsl_debug_console.o
                                                  ./board/board.o
FLASH_Erase                                       ./drivers/fsl_flash.o
FLASH_EraseAll                                    ./drivers/fsl_flash.o
FLASH_EraseAllExecuteOnlySegments                 ./drivers/fsl_flash.o
FLASH_GetProperty                                 ./drivers/fsl_flash.o
FLASH_GetSecurityState                            ./drivers/fsl_flash.o
FLASH_Init                                        ./drivers/fsl_flash.o
FLASH_IsExecuteOnly                               ./drivers/fsl_flash.o
FLASH_IsProtected                                 ./drivers/fsl_flash.o
FLASH_PflashGetPrefetchSpeculation                ./drivers/fsl_flash.o
FLASH_PflashGetProtection                         ./drivers/fsl_flash.o
FLASH_PflashSetPrefetchSpeculation                ./drivers/fsl_flash.o
                                                  ./drivers/fsl_smc.o
FLASH_PflashSetProtection                         ./drivers/fsl_flash.o
FLASH_PrepareExecuteInRamFunctions                ./drivers/fsl_flash.o
FLASH_Program                                     ./drivers/fsl_flash.o
FLASH_ProgramOnce                                 ./drivers/fsl_flash.o
FLASH_ReadOnce                                    ./drivers/fsl_flash.o
FLASH_ReadResource                                ./drivers/fsl_flash.o
FLASH_SecurityBypass                              ./drivers/fsl_flash.o
FLASH_SetCallback                                 ./drivers/fsl_flash.o
FLASH_SetProperty                                 ./drivers/fsl_flash.o
FLASH_VerifyErase                                 ./drivers/fsl_flash.o
FLASH_VerifyEraseAll                              ./drivers/fsl_flash.o
FLASH_VerifyEraseAllExecuteOnlySegments           ./drivers/fsl_flash.o
FLASH_VerifyProgram                               ./drivers/fsl_flash.o
FTFA_DriverIRQHandler                             ./startup/startup_mkl25z4.o
FTFA_IRQHandler                                   ./startup/startup_mkl25z4.o
Flash_Config                                      ./startup/startup_mkl25z4.o
GPIO_ClearPinsInterruptFlags                      ./drivers/fsl_gpio.o
GPIO_GetPinsInterruptFlags                        ./drivers/fsl_gpio.o
GPIO_PinInit                                      ./drivers/fsl_gpio.o
HardFault_Handler                                 ./source/semihost_hardfault.o
                                                  ./startup/startup_mkl25z4.o
I2C0_DriverIRQHandler                             ./drivers/fsl_i2c.o
                                                  ./startup/startup_mkl25z4.o
I2C0_IRQHandler                                   ./startup/startup_mkl25z4.o
I2C1_DriverIRQHandler                             ./drivers/fsl_i2c.o
                                                  ./startup/startup_mkl25z4.o
I2C1_IRQHandler                                   ./startup/startup_mkl25z4.o
I2C_DisableInterrupts                             ./drivers/fsl_i2c.o
I2C_EnableInterrupts                              ./drivers/fsl_i2c.o
I2C_GetInstance                                   ./drivers/fsl_i2c.o
                                                  ./drivers/fsl_i2c_dma.o
I2C_MasterDeinit                                  ./drivers/fsl_i2c.o
I2C_MasterGetDefaultConfig                        ./drivers/fsl_i2c.o
I2C_MasterGetStatusFlags                          ./drivers/fsl_i2c.o
I2C_MasterInit                                    ./drivers/fsl_i2c.o
I2C_MasterReadBlocking                            ./drivers/fsl_i2c.o
I2C_MasterRepeatedStart                           ./drivers/fsl_i2c.o
                                                  ./drivers/fsl_i2c_dma.o
I2C_MasterSetBaudRate                             ./drivers/fsl_i2c.o
I2C_MasterStart                                   ./drivers/fsl_i2c.o
                                                  ./drivers/fsl_i2c_dma.o
I2C_MasterStop                                    ./drivers/fsl_i2c.o
                                                  ./drivers/fsl_i2c_dma.o
I2C_MasterTransferAbort                           ./drivers/fsl_i2c.o
I2C_MasterTransferAbortDMA                        ./drivers/fsl_i2c_dma.o
I2C_MasterTransferBlocking                        ./drivers/fsl_i2c.o
I2C_MasterTransferCreateHandle                    ./drivers/fsl_i2c.o
I2C_MasterTransferCreateHandleDMA                 ./drivers/fsl_i2c_dma.o
I2C_MasterTransferDMA                             ./drivers/fsl_i2c_dma.o
I2C_MasterTransferGetCount                        ./drivers/fsl_i2c.o
I2C_MasterTransferGetCountDMA                     ./drivers/fsl_i2c_dma.o
I2C_MasterTransferHandleIRQ                       ./drivers/fsl_i2c.o
I2C_MasterTransferNonBlocking                     ./drivers/fsl_i2c.o
I2C_MasterWriteBlocking                           ./drivers/fsl_i2c.o
I2C_SlaveDeinit                                   ./drivers/fsl_i2c.o
I2C_SlaveGetDefaultConfig                         ./drivers/fsl_i2c.o
I2C_SlaveInit                                     ./drivers/fsl_i2c.o
I2C_SlaveReadBlocking                             ./drivers/fsl_i2c.o
I2C_SlaveTransferAbort                            ./drivers/fsl_i2c.o
I2C_SlaveTransferCreateHandle                     ./drivers/fsl_i2c.o
I2C_SlaveTransferGetCount                         ./drivers/fsl_i2c.o
I2C_SlaveTransferHandleIRQ                        ./drivers/fsl_i2c.o
I2C_SlaveTransferNonBlocking                      ./drivers/fsl_i2c.o
I2C_SlaveWriteBlocking                            ./drivers/fsl_i2c.o
InstallIRQHandler                                 ./drivers/fsl_common.o
IntDefaultHandler                                 ./startup/startup_mkl25z4.o
LLWU_DriverIRQHandler                             ./startup/startup_mkl25z4.o
LLWU_IRQHandler                                   ./startup/startup_mkl25z4.o
LPSCI_ClearStatusFlags                            ./drivers/fsl_lpsci.o
LPSCI_Deinit                                      ./drivers/fsl_lpsci.o
                                                  ./utilities/fsl_debug_console.o
LPSCI_DisableInterrupts                           ./drivers/fsl_lpsci.o
LPSCI_EnableInterrupts                            ./drivers/fsl_lpsci.o
LPSCI_GetDefaultConfig                            ./drivers/fsl_lpsci.o
                                                  ./utilities/fsl_debug_console.o
LPSCI_GetEnabledInterrupts                        ./drivers/fsl_lpsci.o
LPSCI_GetInstance                                 ./drivers/fsl_lpsci.o
                                                  ./drivers/fsl_lpsci_dma.o
LPSCI_GetStatusFlags                              ./drivers/fsl_lpsci.o
LPSCI_Init                                        ./drivers/fsl_lpsci.o
                                                  ./utilities/fsl_debug_console.o
LPSCI_ReadBlocking                                ./drivers/fsl_lpsci.o
                                                  ./utilities/fsl_debug_console.o
LPSCI_SetBaudRate                                 ./drivers/fsl_lpsci.o
LPSCI_TransferAbortReceive                        ./drivers/fsl_lpsci.o
LPSCI_TransferAbortReceiveDMA                     ./drivers/fsl_lpsci_dma.o
LPSCI_TransferAbortSend                           ./drivers/fsl_lpsci.o
LPSCI_TransferAbortSendDMA                        ./drivers/fsl_lpsci_dma.o
LPSCI_TransferCreateHandle                        ./drivers/fsl_lpsci.o
LPSCI_TransferCreateHandleDMA                     ./drivers/fsl_lpsci_dma.o
LPSCI_TransferGetReceiveCount                     ./drivers/fsl_lpsci.o
LPSCI_TransferGetReceiveCountDMA                  ./drivers/fsl_lpsci_dma.o
LPSCI_TransferGetSendCount                        ./drivers/fsl_lpsci.o
LPSCI_TransferGetSendCountDMA                     ./drivers/fsl_lpsci_dma.o
LPSCI_TransferHandleErrorIRQ                      ./drivers/fsl_lpsci.o
LPSCI_TransferHandleIRQ                           ./drivers/fsl_lpsci.o
LPSCI_TransferReceiveDMA                          ./drivers/fsl_lpsci_dma.o
LPSCI_TransferReceiveNonBlocking                  ./drivers/fsl_lpsci.o
LPSCI_TransferSendDMA                             ./drivers/fsl_lpsci_dma.o
LPSCI_TransferSendNonBlocking                     ./drivers/fsl_lpsci.o
LPSCI_TransferStartRingBuffer                     ./drivers/fsl_lpsci.o
LPSCI_TransferStopRingBuffer                      ./drivers/fsl_lpsci.o
LPSCI_WriteBlocking                               ./drivers/fsl_lpsci.o
                                                  ./utilities/fsl_debug_console.o
LPTMR0_DriverIRQHandler                           ./startup/startup_mkl25z4.o
LPTMR0_IRQHandler                                 ./startup/startup_mkl25z4.o
LVD_LVW_DriverIRQHandler                          ./startup/startup_mkl25z4.o
LVD_LVW_IRQHandler                                ./startup/startup_mkl25z4.o
MCG_DriverIRQHandler                              ./startup/startup_mkl25z4.o
MCG_IRQHandler                                    ./startup/startup_mkl25z4.o
NMI_Handler                                       ./startup/startup_mkl25z4.o
PIT_DriverIRQHandler                              ./startup/startup_mkl25z4.o
PIT_IRQHandler                                    ./startup/startup_mkl25z4.o
PORTA_DriverIRQHandler                            ./startup/startup_mkl25z4.o
PORTA_IRQHandler                                  ./startup/startup_mkl25z4.o
PORTD_DriverIRQHandler                            ./startup/startup_mkl25z4.o
PORTD_IRQHandler                                  ./startup/startup_mkl25z4.o
PendSV_Handler                                    ./startup/startup_mkl25z4.o
RTC_DriverIRQHandler                              ./startup/startup_mkl25z4.o
RTC_IRQHandler                                    ./startup/startup_mkl25z4.o
RTC_Seconds_DriverIRQHandler                      ./startup/startup_mkl25z4.o
RTC_Seconds_IRQHandler                            ./startup/startup_mkl25z4.o
Reserved20_DriverIRQHandler                       ./startup/startup_mkl25z4.o
Reserved20_IRQHandler                             ./startup/startup_mkl25z4.o
Reserved39_DriverIRQHandler                       ./startup/startup_mkl25z4.o
Reserved39_IRQHandler                             ./startup/startup_mkl25z4.o
Reserved45_DriverIRQHandler                       ./startup/startup_mkl25z4.o
Reserved45_IRQHandler                             ./startup/startup_mkl25z4.o
ResetISR                                          ./startup/startup_mkl25z4.o
SMC_PostExitStopModes                             ./drivers/fsl_smc.o
SMC_PreEnterStopModes                             ./drivers/fsl_smc.o
SMC_SetPowerModeLls                               ./drivers/fsl_smc.o
SMC_SetPowerModeRun                               ./drivers/fsl_smc.o
SMC_SetPowerModeStop                              ./drivers/fsl_smc.o
SMC_SetPowerModeVlls                              ./drivers/fsl_smc.o
SMC_SetPowerModeVlpr                              ./drivers/fsl_smc.o
                                                  ./board/clock_config.o
SMC_SetPowerModeVlps                              ./drivers/fsl_smc.o
SMC_SetPowerModeVlpw                              ./drivers/fsl_smc.o
SMC_SetPowerModeWait                              ./drivers/fsl_smc.o
SPI0_DriverIRQHandler                             ./startup/startup_mkl25z4.o
SPI0_IRQHandler                                   ./startup/startup_mkl25z4.o
SPI1_DriverIRQHandler                             ./startup/startup_mkl25z4.o
SPI1_IRQHandler                                   ./startup/startup_mkl25z4.o
SVC_Handler                                       ./startup/startup_mkl25z4.o
SysTick_Handler                                   ./startup/startup_mkl25z4.o
SystemCoreClock                                   ./CMSIS/system_MKL25Z4.o
                                                  ./board/clock_config.o
SystemCoreClockUpdate                             ./CMSIS/system_MKL25Z4.o
SystemInit                                        ./CMSIS/system_MKL25Z4.o
                                                  ./startup/startup_mkl25z4.o
System_Init                                       ./uCUnit/System.o
System_Recover                                    ./uCUnit/System.o
System_Safestate                                  ./uCUnit/System.o
System_Shutdown                                   ./uCUnit/System.o
System_WriteInt                                   ./uCUnit/System.o
System_WriteString                                ./uCUnit/System.o
                                                  ./tests/main.o
System_exit                                       ./uCUnit/System.o
TPM0_DriverIRQHandler                             ./startup/startup_mkl25z4.o
TPM0_IRQHandler                                   ./startup/startup_mkl25z4.o
TPM1_DriverIRQHandler                             ./startup/startup_mkl25z4.o
TPM1_IRQHandler                                   ./startup/startup_mkl25z4.o
TPM2_DriverIRQHandler                             ./startup/startup_mkl25z4.o
TPM2_IRQHandler                                   ./startup/startup_mkl25z4.o
TSI0_DriverIRQHandler                             ./startup/startup_mkl25z4.o
TSI0_IRQHandler                                   ./startup/startup_mkl25z4.o
UART0_DriverIRQHandler                            ./drivers/fsl_lpsci.o
                                                  ./startup/startup_mkl25z4.o
UART0_IRQHandler                                  ./startup/startup_mkl25z4.o
UART1_DriverIRQHandler                            ./drivers/fsl_uart.o
                                                  ./startup/startup_mkl25z4.o
UART1_IRQHandler                                  ./startup/startup_mkl25z4.o
UART1_RX_TX_DriverIRQHandler                      ./drivers/fsl_uart.o
UART2_DriverIRQHandler                            ./drivers/fsl_uart.o
                                                  ./startup/startup_mkl25z4.o
UART2_IRQHandler                                  ./startup/startup_mkl25z4.o
UART2_RX_TX_DriverIRQHandler                      ./drivers/fsl_uart.o
UART_ClearStatusFlags                             ./drivers/fsl_uart.o
UART_Deinit                                       ./drivers/fsl_uart.o
                                                  ./utilities/fsl_debug_console.o
UART_DisableInterrupts                            ./drivers/fsl_uart.o
UART_EnableInterrupts                             ./drivers/fsl_uart.o
UART_GetDefaultConfig                             ./drivers/fsl_uart.o
                                                  ./utilities/fsl_debug_console.o
UART_GetEnabledInterrupts                         ./drivers/fsl_uart.o
UART_GetInstance                                  ./drivers/fsl_uart.o
                                                  ./drivers/fsl_uart_dma.o
UART_GetStatusFlags                               ./drivers/fsl_uart.o
UART_Init                                         ./drivers/fsl_uart.o
                                                  ./utilities/fsl_debug_console.o
UART_ReadBlocking                                 ./drivers/fsl_uart.o
                                                  ./utilities/fsl_debug_console.o
UART_SetBaudRate                                  ./drivers/fsl_uart.o
UART_TransferAbortReceive                         ./drivers/fsl_uart.o
UART_TransferAbortReceiveDMA                      ./drivers/fsl_uart_dma.o
UART_TransferAbortSend                            ./drivers/fsl_uart.o
UART_TransferAbortSendDMA                         ./drivers/fsl_uart_dma.o
UART_TransferCreateHandle                         ./drivers/fsl_uart.o
UART_TransferCreateHandleDMA                      ./drivers/fsl_uart_dma.o
UART_TransferGetReceiveCount                      ./drivers/fsl_uart.o
UART_TransferGetReceiveCountDMA                   ./drivers/fsl_uart_dma.o
UART_TransferGetSendCount                         ./drivers/fsl_uart.o
UART_TransferGetSendCountDMA                      ./drivers/fsl_uart_dma.o
UART_TransferHandleErrorIRQ                       ./drivers/fsl_uart.o
UART_TransferHandleIRQ                            ./drivers/fsl_uart.o
UART_TransferReceiveDMA                           ./drivers/fsl_uart_dma.o
UART_TransferReceiveNonBlocking                   ./drivers/fsl_uart.o
UART_TransferSendDMA                              ./drivers/fsl_uart_dma.o
UART_TransferSendNonBlocking                      ./drivers/fsl_uart.o
UART_TransferStartRingBuffer                      ./drivers/fsl_uart.o
UART_TransferStopRingBuffer                       ./drivers/fsl_uart.o
UART_WriteBlocking                                ./drivers/fsl_uart.o
                                                  ./utilities/fsl_debug_console.o
USB0_DriverIRQHandler                             ./startup/startup_mkl25z4.o
USB0_IRQHandler                                   ./startup/startup_mkl25z4.o
_Csys_alloc                                       /Applications/MCUXpressoIDE_11.0.1_2563/ide/plugins/com.nxp.mcuxpresso.tools.macosx_11.0.1.201907311258/tools/bin/../lib/gcc/arm-none-eabi/8.2.1/../../../../arm-none-eabi/lib/thumb/v6-m/nofp/libcr_c.a(alloc.o)
                                                  /Applications/MCUXpressoIDE_11.0.1_2563/ide/plugins/com.nxp.mcuxpresso.tools.macosx_11.0.1.201907311258/tools/bin/../lib/gcc/arm-none-eabi/8.2.1/../../../../arm-none-eabi/lib/thumb/v6-m/nofp/libcr_c.a(_deferredlazyseek.o)
_Cwritebuf                                        /Applications/MCUXpressoIDE_11.0.1_2563/ide/plugins/com.nxp.mcuxpresso.tools.macosx_11.0.1.201907311258/tools/bin/../lib/gcc/arm-none-eabi/8.2.1/../../../../arm-none-eabi/lib/thumb/v6-m/nofp/libcr_c.a(_writebuf.o)
                                                  /Applications/MCUXpressoIDE_11.0.1_2563/ide/plugins/com.nxp.mcuxpresso.tools.macosx_11.0.1.201907311258/tools/bin/../lib/gcc/arm-none-eabi/8.2.1/../../../../arm-none-eabi/lib/thumb/v6-m/nofp/libcr_c.a(_fflush.o)
                                                  /Applications/MCUXpressoIDE_11.0.1_2563/ide/plugins/com.nxp.mcuxpresso.tools.macosx_11.0.1.201907311258/tools/bin/../lib/gcc/arm-none-eabi/8.2.1/../../../../arm-none-eabi/lib/thumb/v6-m/nofp/libcr_c.a(_deferredlazyseek.o)
__CR_SEMIHOST                                     /Applications/MCUXpressoIDE_11.0.1_2563/ide/plugins/com.nxp.mcuxpresso.tools.macosx_11.0.1.201907311258/tools/bin/../lib/gcc/arm-none-eabi/8.2.1/../../../../arm-none-eabi/lib/thumb/v6-m/nofp/libcr_semihost_nf.a(_cr__main.o)
__Ciob                                            /Applications/MCUXpressoIDE_11.0.1_2563/ide/plugins/com.nxp.mcuxpresso.tools.macosx_11.0.1.201907311258/tools/bin/../lib/gcc/arm-none-eabi/8.2.1/../../../../arm-none-eabi/lib/thumb/v6-m/nofp/libcr_semihost_nf.a(__ciob.o)
                                                  /Applications/MCUXpressoIDE_11.0.1_2563/ide/plugins/com.nxp.mcuxpresso.tools.macosx_11.0.1.201907311258/tools/bin/../lib/gcc/arm-none-eabi/8.2.1/../../../../arm-none-eabi/lib/thumb/v6-m/nofp/libcr_c.a(fflush.o)
                                                  /Applications/MCUXpressoIDE_11.0.1_2563/ide/plugins/com.nxp.mcuxpresso.tools.macosx_11.0.1.201907311258/tools/bin/../lib/gcc/arm-none-eabi/8.2.1/../../../../arm-none-eabi/lib/thumb/v6-m/nofp/libcr_c.a(printf.o)
                                                  /Applications/MCUXpressoIDE_11.0.1_2563/ide/plugins/com.nxp.mcuxpresso.tools.macosx_11.0.1.201907311258/tools/bin/../lib/gcc/arm-none-eabi/8.2.1/../../../../arm-none-eabi/lib/thumb/v6-m/nofp/libcr_c.a(initio.o)
                                                  /Applications/MCUXpressoIDE_11.0.1_2563/ide/plugins/com.nxp.mcuxpresso.tools.macosx_11.0.1.201907311258/tools/bin/../lib/gcc/arm-none-eabi/8.2.1/../../../../arm-none-eabi/lib/thumb/v6-m/nofp/libcr_semihost_nf.a(_cr_assert.o)
__RAM_VECTOR_TABLE_SIZE_BYTES                     ./drivers/fsl_common.o
__VECTOR_RAM                                      ./drivers/fsl_common.o
__VECTOR_TABLE                                    ./drivers/fsl_common.o
__Vectors                                         ./startup/startup_mkl25z4.o
__aeabi_idiv                                      /Applications/MCUXpressoIDE_11.0.1_2563/ide/plugins/com.nxp.mcuxpresso.tools.macosx_11.0.1.201907311258/tools/bin/../lib/gcc/arm-none-eabi/8.2.1/thumb/v6-m/nofp/libcr_eabihelpers.a(division_32.o)
__aeabi_idiv0                                     /Applications/MCUXpressoIDE_11.0.1_2563/ide/plugins/com.nxp.mcuxpresso.tools.macosx_11.0.1.201907311258/tools/bin/../lib/gcc/arm-none-eabi/8.2.1/thumb/v6-m/nofp/libcr_eabihelpers.a(division_idiv0.o)
                                                  /Applications/MCUXpressoIDE_11.0.1_2563/ide/plugins/com.nxp.mcuxpresso.tools.macosx_11.0.1.201907311258/tools/bin/../lib/gcc/arm-none-eabi/8.2.1/thumb/v6-m/nofp/libcr_eabihelpers.a(division_32.o)
__aeabi_idivmod                                   /Applications/MCUXpressoIDE_11.0.1_2563/ide/plugins/com.nxp.mcuxpresso.tools.macosx_11.0.1.201907311258/tools/bin/../lib/gcc/arm-none-eabi/8.2.1/thumb/v6-m/nofp/libcr_eabihelpers.a(division_32.o)
__aeabi_lasr                                      /Applications/MCUXpressoIDE_11.0.1_2563/ide/plugins/com.nxp.mcuxpresso.tools.macosx_11.0.1.201907311258/tools/bin/../lib/gcc/arm-none-eabi/8.2.1/thumb/v6-m/nofp/libcr_eabihelpers.a(llong.o)
__aeabi_lcmp                                      /Applications/MCUXpressoIDE_11.0.1_2563/ide/plugins/com.nxp.mcuxpresso.tools.macosx_11.0.1.201907311258/tools/bin/../lib/gcc/arm-none-eabi/8.2.1/thumb/v6-m/nofp/libcr_eabihelpers.a(llong.o)
__aeabi_llsl                                      /Applications/MCUXpressoIDE_11.0.1_2563/ide/plugins/com.nxp.mcuxpresso.tools.macosx_11.0.1.201907311258/tools/bin/../lib/gcc/arm-none-eabi/8.2.1/thumb/v6-m/nofp/libcr_eabihelpers.a(llong.o)
__aeabi_llsr                                      /Applications/MCUXpressoIDE_11.0.1_2563/ide/plugins/com.nxp.mcuxpresso.tools.macosx_11.0.1.201907311258/tools/bin/../lib/gcc/arm-none-eabi/8.2.1/thumb/v6-m/nofp/libcr_eabihelpers.a(llong.o)
__aeabi_lmul                                      /Applications/MCUXpressoIDE_11.0.1_2563/ide/plugins/com.nxp.mcuxpresso.tools.macosx_11.0.1.201907311258/tools/bin/../lib/gcc/arm-none-eabi/8.2.1/thumb/v6-m/nofp/libcr_eabihelpers.a(llong.o)
                                                  /Applications/MCUXpressoIDE_11.0.1_2563/ide/plugins/com.nxp.mcuxpresso.tools.macosx_11.0.1.201907311258/tools/bin/../lib/gcc/arm-none-eabi/8.2.1/../../../../arm-none-eabi/lib/thumb/v6-m/nofp/libcr_c.a(printf.o)
__aeabi_lowlevel_memset                           /Applications/MCUXpressoIDE_11.0.1_2563/ide/plugins/com.nxp.mcuxpresso.tools.macosx_11.0.1.201907311258/tools/bin/../lib/gcc/arm-none-eabi/8.2.1/thumb/v6-m/nofp/libcr_eabihelpers.a(memcpy.o)
                                                  /Applications/MCUXpressoIDE_11.0.1_2563/ide/plugins/com.nxp.mcuxpresso.tools.macosx_11.0.1.201907311258/tools/bin/../lib/gcc/arm-none-eabi/8.2.1/../../../../arm-none-eabi/lib/thumb/v6-m/nofp/libcr_c.a(memset.o)
__aeabi_memclr                                    /Applications/MCUXpressoIDE_11.0.1_2563/ide/plugins/com.nxp.mcuxpresso.tools.macosx_11.0.1.201907311258/tools/bin/../lib/gcc/arm-none-eabi/8.2.1/thumb/v6-m/nofp/libcr_eabihelpers.a(memcpy.o)
__aeabi_memclr4                                   /Applications/MCUXpressoIDE_11.0.1_2563/ide/plugins/com.nxp.mcuxpresso.tools.macosx_11.0.1.201907311258/tools/bin/../lib/gcc/arm-none-eabi/8.2.1/thumb/v6-m/nofp/libcr_eabihelpers.a(memcpy.o)
__aeabi_memclr8                                   /Applications/MCUXpressoIDE_11.0.1_2563/ide/plugins/com.nxp.mcuxpresso.tools.macosx_11.0.1.201907311258/tools/bin/../lib/gcc/arm-none-eabi/8.2.1/thumb/v6-m/nofp/libcr_eabihelpers.a(memcpy.o)
__aeabi_memcpy                                    /Applications/MCUXpressoIDE_11.0.1_2563/ide/plugins/com.nxp.mcuxpresso.tools.macosx_11.0.1.201907311258/tools/bin/../lib/gcc/arm-none-eabi/8.2.1/thumb/v6-m/nofp/libcr_eabihelpers.a(memcpy.o)
                                                  /Applications/MCUXpressoIDE_11.0.1_2563/ide/plugins/com.nxp.mcuxpresso.tools.macosx_11.0.1.201907311258/tools/bin/../lib/gcc/arm-none-eabi/8.2.1/../../../../arm-none-eabi/lib/thumb/v6-m/nofp/libcr_c.a(memcpy.o)
__aeabi_memcpy4                                   /Applications/MCUXpressoIDE_11.0.1_2563/ide/plugins/com.nxp.mcuxpresso.tools.macosx_11.0.1.201907311258/tools/bin/../lib/gcc/arm-none-eabi/8.2.1/thumb/v6-m/nofp/libcr_eabihelpers.a(memcpy.o)
__aeabi_memcpy8                                   /Applications/MCUXpressoIDE_11.0.1_2563/ide/plugins/com.nxp.mcuxpresso.tools.macosx_11.0.1.201907311258/tools/bin/../lib/gcc/arm-none-eabi/8.2.1/thumb/v6-m/nofp/libcr_eabihelpers.a(memcpy.o)
__aeabi_memmove                                   /Applications/MCUXpressoIDE_11.0.1_2563/ide/plugins/com.nxp.mcuxpresso.tools.macosx_11.0.1.201907311258/tools/bin/../lib/gcc/arm-none-eabi/8.2.1/thumb/v6-m/nofp/libcr_eabihelpers.a(memcpy.o)
__aeabi_memmove4                                  /Applications/MCUXpressoIDE_11.0.1_2563/ide/plugins/com.nxp.mcuxpresso.tools.macosx_11.0.1.201907311258/tools/bin/../lib/gcc/arm-none-eabi/8.2.1/thumb/v6-m/nofp/libcr_eabihelpers.a(memcpy.o)
__aeabi_memmove8                                  /Applications/MCUXpressoIDE_11.0.1_2563/ide/plugins/com.nxp.mcuxpresso.tools.macosx_11.0.1.201907311258/tools/bin/../lib/gcc/arm-none-eabi/8.2.1/thumb/v6-m/nofp/libcr_eabihelpers.a(memcpy.o)
__aeabi_memset                                    /Applications/MCUXpressoIDE_11.0.1_2563/ide/plugins/com.nxp.mcuxpresso.tools.macosx_11.0.1.201907311258/tools/bin/../lib/gcc/arm-none-eabi/8.2.1/thumb/v6-m/nofp/libcr_eabihelpers.a(memcpy.o)
__aeabi_memset4                                   /Applications/MCUXpressoIDE_11.0.1_2563/ide/plugins/com.nxp.mcuxpresso.tools.macosx_11.0.1.201907311258/tools/bin/../lib/gcc/arm-none-eabi/8.2.1/thumb/v6-m/nofp/libcr_eabihelpers.a(memcpy.o)
__aeabi_memset8                                   /Applications/MCUXpressoIDE_11.0.1_2563/ide/plugins/com.nxp.mcuxpresso.tools.macosx_11.0.1.201907311258/tools/bin/../lib/gcc/arm-none-eabi/8.2.1/thumb/v6-m/nofp/libcr_eabihelpers.a(memcpy.o)
__aeabi_uidiv                                     /Applications/MCUXpressoIDE_11.0.1_2563/ide/plugins/com.nxp.mcuxpresso.tools.macosx_11.0.1.201907311258/tools/bin/../lib/gcc/arm-none-eabi/8.2.1/thumb/v6-m/nofp/libcr_eabihelpers.a(division_32.o)
                                                  ./CMSIS/system_MKL25Z4.o